Component: ARM Compiler 5.06 update 1 (build 61) Tool: armlink [4d35a8]

==============================================================================

Section Cross References

    startup_stm32f030.o(STACK) refers (Special) to heapauxi.o(.text) for __use_two_region_memory
    startup_stm32f030.o(HEAP) refers (Special) to heapauxi.o(.text) for __use_two_region_memory
    startup_stm32f030.o(RESET) refers (Special) to heapauxi.o(.text) for __use_two_region_memory
    startup_stm32f030.o(RESET) refers to startup_stm32f030.o(STACK) for __initial_sp
    startup_stm32f030.o(RESET) refers to startup_stm32f030.o(.text) for Reset_Handler
    startup_stm32f030.o(RESET) refers to adc.o(i.DMA1_Channel1_IRQHandler) for DMA1_Channel1_IRQHandler
    startup_stm32f030.o(RESET) refers to adc.o(i.ADC1_IRQHandler) for ADC1_IRQHandler
    startup_stm32f030.o(RESET) refers to mbport.o(i.TIM16_IRQHandler) for TIM16_IRQHandler
    startup_stm32f030.o(RESET) refers to metronome.o(i.TIM17_IRQHandler) for TIM17_IRQHandler
    startup_stm32f030.o(RESET) refers to mbport.o(i.USART1_IRQHandler) for USART1_IRQHandler
    startup_stm32f030.o(.text) refers (Special) to heapauxi.o(.text) for __use_two_region_memory
    startup_stm32f030.o(.text) refers to startup_stm32f030.o(STACK) for __initial_sp
    startup_stm32f030.o(.text) refers to user.o(i.SystemInit) for SystemInit
    startup_stm32f030.o(.text) refers to __main.o(!!!main) for __main
    startup_stm32f030.o(.text) refers to startup_stm32f030.o(HEAP) for Heap_Mem
    mb.o(i.Modbus_03_Solve) refers to user.o(i.mbRegHolding) for mbRegHolding
    mb.o(i.Modbus_03_Solve) refers to mbcrc.o(i.getCRC16) for getCRC16
    mb.o(i.Modbus_03_Solve) refers to mbport.o(i.mb_SendData) for mb_SendData
    mb.o(i.Modbus_03_Solve) refers to mb.o(.bss) for .bss
    mb.o(i.Modbus_03_Solve) refers to mb.o(.data) for .data
    mb.o(i.Modbus_06_Solve) refers to user.o(i.mbRegHolding) for mbRegHolding
    mb.o(i.Modbus_06_Solve) refers to mbcrc.o(i.getCRC16) for getCRC16
    mb.o(i.Modbus_06_Solve) refers to mbport.o(i.mb_SendData) for mb_SendData
    mb.o(i.Modbus_06_Solve) refers to mb.o(.data) for .data
    mb.o(i.Modbus_06_Solve) refers to mb.o(.bss) for .bss
    mb.o(i.Modbus_16_Solve) refers to user.o(i.mbRegHolding) for mbRegHolding
    mb.o(i.Modbus_16_Solve) refers to mbcrc.o(i.getCRC16) for getCRC16
    mb.o(i.Modbus_16_Solve) refers to mbport.o(i.mb_SendData) for mb_SendData
    mb.o(i.Modbus_16_Solve) refers to mb.o(.bss) for .bss
    mb.o(i.Modbus_16_Solve) refers to mb.o(.data) for .data
    mb.o(i.mbRcvComplete) refers to mb.o(.data) for .data
    mb.o(i.mbRcvProcess) refers to mbport.o(i.mb_receiveData) for mb_receiveData
    mb.o(i.mbRcvProcess) refers to mb.o(.data) for .data
    mb.o(i.mbRcvProcess) refers to mb.o(.bss) for .bss
    mb.o(i.mb_Service) refers to mbcrc.o(i.getCRC16) for getCRC16
    mb.o(i.mb_Service) refers to mb.o(i.Modbus_03_Solve) for Modbus_03_Solve
    mb.o(i.mb_Service) refers to mb.o(i.Modbus_06_Solve) for Modbus_06_Solve
    mb.o(i.mb_Service) refers to mb.o(i.Modbus_16_Solve) for Modbus_16_Solve
    mb.o(i.mb_Service) refers to mbport.o(i.mb_SendData) for mb_SendData
    mb.o(i.mb_Service) refers to mb.o(.data) for .data
    mb.o(i.mb_Service) refers to mb.o(.bss) for .bss
    mb.o(i.setMBAddr) refers to mb.o(.data) for .data
    mbcrc.o(i.getCRC16) refers to mbcrc.o(.constdata) for .constdata
    mbport.o(i.TIM16_IRQHandler) refers to stm32f0xx_tim.o(i.TIM_GetITStatus) for TIM_GetITStatus
    mbport.o(i.TIM16_IRQHandler) refers to stm32f0xx_tim.o(i.TIM_ClearITPendingBit) for TIM_ClearITPendingBit
    mbport.o(i.TIM16_IRQHandler) refers to stm32f0xx_tim.o(i.TIM_Cmd) for TIM_Cmd
    mbport.o(i.TIM16_IRQHandler) refers to mb.o(i.mbRcvComplete) for mbRcvComplete
    mbport.o(i.USART1_IRQHandler) refers to stm32f0xx_usart.o(i.USART_GetITStatus) for USART_GetITStatus
    mbport.o(i.USART1_IRQHandler) refers to stm32f0xx_usart.o(i.USART_ClearITPendingBit) for USART_ClearITPendingBit
    mbport.o(i.USART1_IRQHandler) refers to mb.o(i.mbRcvProcess) for mbRcvProcess
    mbport.o(i.USART1_IRQHandler) refers to stm32f0xx_tim.o(i.TIM_ClearITPendingBit) for TIM_ClearITPendingBit
    mbport.o(i.USART1_IRQHandler) refers to stm32f0xx_tim.o(i.TIM_SetCounter) for TIM_SetCounter
    mbport.o(i.USART1_IRQHandler) refers to stm32f0xx_tim.o(i.TIM_Cmd) for TIM_Cmd
    mbport.o(i.mb_SendData) refers to stm32f0xx_usart.o(i.USART_GetFlagStatus) for USART_GetFlagStatus
    mbport.o(i.mb_SendData) refers to stm32f0xx_usart.o(i.USART_SendData) for USART_SendData
    mbport.o(i.mb_SendData) refers to mbport.o(.data) for .data
    mbport.o(i.mb_TIM16_cfg) refers to stm32f0xx_tim.o(i.TIM_TimeBaseInit) for TIM_TimeBaseInit
    mbport.o(i.mb_TIM16_cfg) refers to stm32f0xx_tim.o(i.TIM_ARRPreloadConfig) for TIM_ARRPreloadConfig
    mbport.o(i.mb_TIM16_cfg) refers to stm32f0xx_tim.o(i.TIM_ITConfig) for TIM_ITConfig
    mbport.o(i.mb_TIM16_cfg) refers to mbport.o(.bss) for .bss
[...]
    Removing stm32f0xx_wwdg.o(i.WWDG_SetWindowValue), (28 bytes).

565 unused section(s) (total 15367 bytes) removed from the image.

==============================================================================

Image Symbol Table

    Local Symbols

    Symbol Name                              Value     Ov Type        Size  Object(Section)

    ../clib/angel/boardlib.s                 0x00000000   Number         0  boardinit2.o ABSOLUTE
    ../clib/angel/boardlib.s                 0x00000000   Number         0  boardshut.o ABSOLUTE
    ../clib/angel/boardlib.s                 0x00000000   Number         0  boardinit1.o ABSOLUTE
    ../clib/angel/boardlib.s                 0x00000000   Number         0  boardinit3.o ABSOLUTE
    ../clib/angel/handlers.s                 0x00000000   Number         0  __scatter_zi.o ABSOLUTE
    ../clib/angel/handlers.s                 0x00000000   Number         0  __scatter_copy.o ABSOLUTE
    ../clib/angel/kernel.s                   0x00000000   Number         0  __rtentry.o ABSOLUTE
    ../clib/angel/kernel.s                   0x00000000   Number         0  __rtentry4.o ABSOLUTE
    ../clib/angel/kernel.s                   0x00000000   Number         0  rtexit.o ABSOLUTE
    ../clib/angel/kernel.s                   0x00000000   Number         0  __rtentry2.o ABSOLUTE
    ../clib/angel/kernel.s                   0x00000000   Number         0  rtexit2.o ABSOLUTE
    ../clib/angel/rt.s                       0x00000000   Number         0  aeabi_idiv0.o ABSOLUTE
    ../clib/angel/rt.s                       0x00000000   Number         0  aeabi_idiv0_sigfpe.o ABSOLUTE
    ../clib/angel/rt.s                       0x00000000   Number         0  rt_raise.o ABSOLUTE
    ../clib/angel/rt.s                       0x00000000   Number         0  rt_div0.o ABSOLUTE
    ../clib/angel/scatterp.s                 0x00000000   Number         0  __scatter.o ABSOLUTE
    ../clib/angel/startup.s                  0x00000000   Number         0  __main.o ABSOLUTE
    ../clib/angel/sys.s                      0x00000000   Number         0  sys_stackheap_outer.o ABSOLUTE
    ../clib/angel/sys.s                      0x00000000   Number         0  libspace.o ABSOLUTE
    ../clib/angel/sys.s                      0x00000000   Number         0  tempstk.o ABSOLUTE
    ../clib/angel/sys.s                      0x00000000   Number         0  indicate_semi.o ABSOLUTE
    ../clib/angel/sys.s                      0x00000000   Number         0  use_no_semi.o ABSOLUTE
    ../clib/angel/sysapp.c                   0x00000000   Number         0  sys_wrch.o ABSOLUTE
    ../clib/angel/sysapp.c                   0x00000000   Number         0  sys_exit.o ABSOLUTE
    ../clib/angel/sysapp.c                   0x00000000   Number         0  sys_command.o ABSOLUTE
    ../clib/armsys.c                         0x00000000   Number         0  no_argv.o ABSOLUTE
    ../clib/armsys.c                         0x00000000   Number         0  argv_veneer.o ABSOLUTE
    ../clib/armsys.c                         0x00000000   Number         0  _get_argv_nomalloc.o ABSOLUTE
    ../clib/division.s                       0x00000000   Number         0  aeabi_sdiv_div0.o ABSOLUTE
    ../clib/division.s                       0x00000000   Number         0  aeabi_sdiv.o ABSOLUTE
    ../clib/heapalloc.c                      0x00000000   Number         0  hrguard.o ABSOLUTE
    ../clib/heapaux.c                        0x00000000   Number         0  heapauxi.o ABSOLUTE
    ../clib/libinit.s                        0x00000000   Number         0  libshutdown2.o ABSOLUTE
    ../clib/libinit.s                        0x00000000   Number         0  libshutdown.o ABSOLUTE
    ../clib/libinit.s                        0x00000000   Number         0  libinit.o ABSOLUTE
    ../clib/libinit.s                        0x00000000   Number         0  libinit2.o ABSOLUTE
    ../clib/signal.c                         0x00000000   Number         0  defsig_abrt_inner.o ABSOLUTE
    ../clib/signal.c                         0x00000000   Number         0  defsig_rtred_inner.o ABSOLUTE
    ../clib/signal.c                         0x00000000   Number         0  defsig_fpe_outer.o ABSOLUTE
    ../clib/signal.c                         0x00000000   Number         0  defsig_fpe_formal.o ABSOLUTE
    ../clib/signal.c                         0x00000000   Number         0  defsig_fpe_inner.o ABSOLUTE
    ../clib/signal.c                         0x00000000   Number         0  defsig_exit.o ABSOLUTE
    ../clib/signal.c                         0x00000000   Number         0  defsig_other.o ABSOLUTE
    ../clib/signal.c                         0x00000000   Number         0  defsig_segv_inner.o ABSOLUTE
    ../clib/signal.c                         0x00000000   Number         0  defsig_pvfn_inner.o ABSOLUTE
    ../clib/signal.c                         0x00000000   Number         0  defsig_stak_inner.o ABSOLUTE
    ../clib/signal.c                         0x00000000   Number         0  defsig_rtmem_formal.o ABSOLUTE
    ../clib/signal.c                         0x00000000   Number         0  defsig_rtmem_outer.o ABSOLUTE
    ../clib/signal.c                         0x00000000   Number         0  defsig_general.o ABSOLUTE
    ../clib/signal.c                         0x00000000   Number         0  __raise.o ABSOLUTE
    ../clib/signal.c                         0x00000000   Number         0  defsig_rtmem_inner.o ABSOLUTE
    ../clib/signal.c                         0x00000000   Number         0  defsig_cppl_inner.o ABSOLUTE
    ../clib/signal.s                         0x00000000   Number         0  defsig.o ABSOLUTE
    ../clib/stdlib.c                         0x00000000   Number         0  exit.o ABSOLUTE
    ../clib/unhosted.c                       0x00000000   Number         0  uread4.o ABSOLUTE
    ../fplib/cfplib/d2f.c                    0x00000000   Number         0  d2f.o ABSOLUTE
    ../fplib/cfplib/daddsub.c                0x00000000   Number         0  daddsub.o ABSOLUTE
    ../fplib/cfplib/ddiv.c                   0x00000000   Number         0  ddiv.o ABSOLUTE
    ../fplib/cfplib/dmul.c                   0x00000000   Number         0  dmul.o ABSOLUTE
    ../fplib/cfplib/f2d.c                    0x00000000   Number         0  f2d.o ABSOLUTE
    ../fplib/cfplib/fdiv.c                   0x00000000   Number         0  fdiv.o ABSOLUTE
    ../fplib/cfplib/ffix.c                   0x00000000   Number         0  ffixui.o ABSOLUTE
    ../fplib/cfplib/fflt.c                   0x00000000   Number         0  dflti.o ABSOLUTE
    ../fplib/cfplib/fflt.c                   0x00000000   Number         0  fflti.o ABSOLUTE
    ../fplib/cfplib/fpinit.c                 0x00000000   Number         0  fpinit.o ABSOLUTE
    ../fplib/cfplib/scalbn.c                 0x00000000   Number         0  fscalbn.o ABSOLUTE
    ../fplib/cfplib/scalbn.c                 0x00000000   Number         0  dscalbn.o ABSOLUTE
    ../fplib/faddsub6m.s                     0x00000000   Number         0  faddsub.o ABSOLUTE
    ../fplib/fmul6m.s                        0x00000000   Number         0  fmul.o ABSOLUTE
    ../fplib/usenofp.s                       0x00000000   Number         0  usenofp.o ABSOLUTE
    ..\STM32F0xx_StdPeriph_Lib_V1.5.0\Libraries\CMSIS\Device\ST\STM32F0xx\Source\Templates\arm\startup_stm32f030.s 0x00000000   Number         0  startup_stm32f030.o ABSOLUTE
    ..\STM32F0xx_StdPeriph_Lib_V1.5.0\Libraries\STM32F0xx_StdPeriph_Driver\src\stm32f0xx_adc.c 0x00000000   Number         0  stm32f0xx_adc.o ABSOLUTE
    ..\STM32F0xx_StdPeriph_Lib_V1.5.0\Libraries\STM32F0xx_StdPeriph_Driver\src\stm32f0xx_can.c 0x00000000   Number         0  stm32f0xx_can.o ABSOLUTE
    ..\STM32F0xx_StdPeriph_Lib_V1.5.0\Libraries\STM32F0xx_StdPeriph_Driver\src\stm32f0xx_cec.c 0x00000000   Number         0  stm32f0xx_cec.o ABSOLUTE
    ..\STM32F0xx_StdPeriph_Lib_V1.5.0\Libraries\STM32F0xx_StdPeriph_Driver\src\stm32f0xx_comp.c 0x00000000   Number         0  stm32f0xx_comp.o ABSOLUTE
    ..\STM32F0xx_StdPeriph_Lib_V1.5.0\Libraries\STM32F0xx_StdPeriph_Driver\src\stm32f0xx_crc.c 0x00000000   Number         0  stm32f0xx_crc.o ABSOLUTE
    ..\STM32F0xx_StdPeriph_Lib_V1.5.0\Libraries\STM32F0xx_StdPeriph_Driver\src\stm32f0xx_crs.c 0x00000000   Number         0  stm32f0xx_crs.o ABSOLUTE
    ..\STM32F0xx_StdPeriph_Lib_V1.5.0\Libraries\STM32F0xx_StdPeriph_Driver\src\stm32f0xx_dac.c 0x00000000   Number         0  stm32f0xx_dac.o ABSOLUTE
    ..\STM32F0xx_StdPeriph_Lib_V1.5.0\Libraries\STM32F0xx_StdPeriph_Driver\src\stm32f0xx_dbgmcu.c 0x00000000   Number         0  stm32f0xx_dbgmcu.o ABSOLUTE
    ..\STM32F0xx_StdPeriph_Lib_V1.5.0\Libraries\STM32F0xx_StdPeriph_Driver\src\stm32f0xx_dma.c 0x00000000   Number         0  stm32f0xx_dma.o ABSOLUTE
    ..\STM32F0xx_StdPeriph_Lib_V1.5.0\Libraries\STM32F0xx_StdPeriph_Driver\src\stm32f0xx_exti.c 0x00000000   Number         0  stm32f0xx_exti.o ABSOLUTE
    ..\STM32F0xx_StdPeriph_Lib_V1.5.0\Libraries\STM32F0xx_StdPeriph_Driver\src\stm32f0xx_flash.c 0x00000000   Number         0  stm32f0xx_flash.o ABSOLUTE
    ..\STM32F0xx_StdPeriph_Lib_V1.5.0\Libraries\STM32F0xx_StdPeriph_Driver\src\stm32f0xx_gpio.c 0x00000000   Number         0  stm32f0xx_gpio.o ABSOLUTE
    ..\STM32F0xx_StdPeriph_Lib_V1.5.0\Libraries\STM32F0xx_StdPeriph_Driver\src\stm32f0xx_i2c.c 0x00000000   Number         0  stm32f0xx_i2c.o ABSOLUTE
    ..\STM32F0xx_StdPeriph_Lib_V1.5.0\Libraries\STM32F0xx_StdPeriph_Driver\src\stm32f0xx_iwdg.c 0x00000000   Number         0  stm32f0xx_iwdg.o ABSOLUTE
    ..\STM32F0xx_StdPeriph_Lib_V1.5.0\Libraries\STM32F0xx_StdPeriph_Driver\src\stm32f0xx_misc.c 0x00000000   Number         0  stm32f0xx_misc.o ABSOLUTE
    ..\STM32F0xx_StdPeriph_Lib_V1.5.0\Libraries\STM32F0xx_StdPeriph_Driver\src\stm32f0xx_pwr.c 0x00000000   Number         0  stm32f0xx_pwr.o ABSOLUTE
    ..\STM32F0xx_StdPeriph_Lib_V1.5.0\Libraries\STM32F0xx_StdPeriph_Driver\src\stm32f0xx_rcc.c 0x00000000   Number         0  stm32f0xx_rcc.o ABSOLUTE
    ..\STM32F0xx_StdPeriph_Lib_V1.5.0\Libraries\STM32F0xx_StdPeriph_Driver\src\stm32f0xx_rtc.c 0x00000000   Number         0  stm32f0xx_rtc.o ABSOLUTE
    ..\STM32F0xx_StdPeriph_Lib_V1.5.0\Libraries\STM32F0xx_StdPeriph_Driver\src\stm32f0xx_spi.c 0x00000000   Number         0  stm32f0xx_spi.o ABSOLUTE
    ..\STM32F0xx_StdPeriph_Lib_V1.5.0\Libraries\STM32F0xx_StdPeriph_Driver\src\stm32f0xx_syscfg.c 0x00000000   Number         0  stm32f0xx_syscfg.o ABSOLUTE
    ..\STM32F0xx_StdPeriph_Lib_V1.5.0\Libraries\STM32F0xx_StdPeriph_Driver\src\stm32f0xx_tim.c 0x00000000   Number         0  stm32f0xx_tim.o ABSOLUTE
    ..\STM32F0xx_StdPeriph_Lib_V1.5.0\Libraries\STM32F0xx_StdPeriph_Driver\src\stm32f0xx_usart.c 0x00000000   Number         0  stm32f0xx_usart.o ABSOLUTE
    ..\STM32F0xx_StdPeriph_Lib_V1.5.0\Libraries\STM32F0xx_StdPeriph_Driver\src\stm32f0xx_wwdg.c 0x00000000   Number         0  stm32f0xx_wwdg.o ABSOLUTE
    ..\\STM32F0xx_StdPeriph_Lib_V1.5.0\\Libraries\\STM32F0xx_StdPeriph_Driver\\src\\stm32f0xx_adc.c 0x00000000   Number         0  stm32f0xx_adc.o ABSOLUTE
    ..\\STM32F0xx_StdPeriph_Lib_V1.5.0\\Libraries\\STM32F0xx_StdPeriph_Driver\\src\\stm32f0xx_can.c 0x00000000   Number         0  stm32f0xx_can.o ABSOLUTE
    ..\\STM32F0xx_StdPeriph_Lib_V1.5.0\\Libraries\\STM32F0xx_StdPeriph_Driver\\src\\stm32f0xx_cec.c 0x00000000   Number         0  stm32f0xx_cec.o ABSOLUTE
    ..\\STM32F0xx_StdPeriph_Lib_V1.5.0\\Libraries\\STM32F0xx_StdPeriph_Driver\\src\\stm32f0xx_comp.c 0x00000000   Number         0  stm32f0xx_comp.o ABSOLUTE
    ..\\STM32F0xx_StdPeriph_Lib_V1.5.0\\Libraries\\STM32F0xx_StdPeriph_Driver\\src\\stm32f0xx_crc.c 0x00000000   Number         0  stm32f0xx_crc.o ABSOLUTE
    ..\\STM32F0xx_StdPeriph_Lib_V1.5.0\\Libraries\\STM32F0xx_StdPeriph_Driver\\src\\stm32f0xx_crs.c 0x00000000   Number         0  stm32f0xx_crs.o ABSOLUTE
    ..\\STM32F0xx_StdPeriph_Lib_V1.5.0\\Libraries\\STM32F0xx_StdPeriph_Driver\\src\\stm32f0xx_dac.c 0x00000000   Number         0  stm32f0xx_dac.o ABSOLUTE
    ..\\STM32F0xx_StdPeriph_Lib_V1.5.0\\Libraries\\STM32F0xx_StdPeriph_Driver\\src\\stm32f0xx_dbgmcu.c 0x00000000   Number         0  stm32f0xx_dbgmcu.o ABSOLUTE
    ..\\STM32F0xx_StdPeriph_Lib_V1.5.0\\Libraries\\STM32F0xx_StdPeriph_Driver\\src\\stm32f0xx_dma.c 0x00000000   Number         0  stm32f0xx_dma.o ABSOLUTE
    ..\\STM32F0xx_StdPeriph_Lib_V1.5.0\\Libraries\\STM32F0xx_StdPeriph_Driver\\src\\stm32f0xx_exti.c 0x00000000   Number         0  stm32f0xx_exti.o ABSOLUTE
    ..\\STM32F0xx_StdPeriph_Lib_V1.5.0\\Libraries\\STM32F0xx_StdPeriph_Driver\\src\\stm32f0xx_flash.c 0x00000000   Number         0  stm32f0xx_flash.o ABSOLUTE
    ..\\STM32F0xx_StdPeriph_Lib_V1.5.0\\Libraries\\STM32F0xx_StdPeriph_Driver\\src\\stm32f0xx_gpio.c 0x00000000   Number         0  stm32f0xx_gpio.o ABSOLUTE
    ..\\STM32F0xx_StdPeriph_Lib_V1.5.0\\Libraries\\STM32F0xx_StdPeriph_Driver\\src\\stm32f0xx_i2c.c 0x00000000   Number         0  stm32f0xx_i2c.o ABSOLUTE
    ..\\STM32F0xx_StdPeriph_Lib_V1.5.0\\Libraries\\STM32F0xx_StdPeriph_Driver\\src\\stm32f0xx_iwdg.c 0x00000000   Number         0  stm32f0xx_iwdg.o ABSOLUTE
    ..\\STM32F0xx_StdPeriph_Lib_V1.5.0\\Libraries\\STM32F0xx_StdPeriph_Driver\\src\\stm32f0xx_misc.c 0x00000000   Number         0  stm32f0xx_misc.o ABSOLUTE
    ..\\STM32F0xx_StdPeriph_Lib_V1.5.0\\Libraries\\STM32F0xx_StdPeriph_Driver\\src\\stm32f0xx_pwr.c 0x00000000   Number         0  stm32f0xx_pwr.o ABSOLUTE
    ..\\STM32F0xx_StdPeriph_Lib_V1.5.0\\Libraries\\STM32F0xx_StdPeriph_Driver\\src\\stm32f0xx_rcc.c 0x00000000   Number         0  stm32f0xx_rcc.o ABSOLUTE
    ..\\STM32F0xx_StdPeriph_Lib_V1.5.0\\Libraries\\STM32F0xx_StdPeriph_Driver\\src\\stm32f0xx_rtc.c 0x00000000   Number         0  stm32f0xx_rtc.o ABSOLUTE
    ..\\STM32F0xx_StdPeriph_Lib_V1.5.0\\Libraries\\STM32F0xx_StdPeriph_Driver\\src\\stm32f0xx_spi.c 0x00000000   Number         0  stm32f0xx_spi.o ABSOLUTE
    ..\\STM32F0xx_StdPeriph_Lib_V1.5.0\\Libraries\\STM32F0xx_StdPeriph_Driver\\src\\stm32f0xx_syscfg.c 0x00000000   Number         0  stm32f0xx_syscfg.o ABSOLUTE
    ..\\STM32F0xx_StdPeriph_Lib_V1.5.0\\Libraries\\STM32F0xx_StdPeriph_Driver\\src\\stm32f0xx_tim.c 0x00000000   Number         0  stm32f0xx_tim.o ABSOLUTE
    ..\\STM32F0xx_StdPeriph_Lib_V1.5.0\\Libraries\\STM32F0xx_StdPeriph_Driver\\src\\stm32f0xx_usart.c 0x00000000   Number         0  stm32f0xx_usart.o ABSOLUTE
    ..\\STM32F0xx_StdPeriph_Lib_V1.5.0\\Libraries\\STM32F0xx_StdPeriph_Driver\\src\\stm32f0xx_wwdg.c 0x00000000   Number         0  stm32f0xx_wwdg.o ABSOLUTE
    dc.s                                     0x00000000   Number         0  dc.o ABSOLUTE
    source\\adc.c                            0x00000000   Number         0  adc.o ABSOLUTE
    source\\eeprom_emulation.c               0x00000000   Number         0  eeprom_emulation.o ABSOLUTE
    source\\hdc1080_op.c                     0x00000000   Number         0  hdc1080_op.o ABSOLUTE
    source\\i2c_emu.c                        0x00000000   Number         0  i2c_emu.o ABSOLUTE
    source\\mbport.c                         0x00000000   Number         0  mbport.o ABSOLUTE
    source\\metronome.c                      0x00000000   Number         0  metronome.o ABSOLUTE
    source\\user.c                           0x00000000   Number         0  user.o ABSOLUTE
    source\\user_init.c                      0x00000000   Number         0  user_init.o ABSOLUTE
    source\adc.c                             0x00000000   Number         0  adc.o ABSOLUTE
    source\eeprom_emulation.c                0x00000000   Number         0  eeprom_emulation.o ABSOLUTE
    source\hdc1080_op.c                      0x00000000   Number         0  hdc1080_op.o ABSOLUTE
    source\i2c_emu.c                         0x00000000   Number         0  i2c_emu.o ABSOLUTE
    source\mb.c                              0x00000000   Number         0  mb.o ABSOLUTE
    source\mbcrc.c                           0x00000000   Number         0  mbcrc.o ABSOLUTE
    source\mbport.c                          0x00000000   Number         0  mbport.o ABSOLUTE
    source\metronome.c                       0x00000000   Number         0  metronome.o ABSOLUTE
    source\user.c                            0x00000000   Number         0  user.o ABSOLUTE
    source\user_init.c                       0x00000000   Number         0  user_init.o ABSOLUTE
    RESET                                    0x08000000   Section      180  startup_stm32f030.o(RESET)
    !!!main                                  0x080000b4   Section        8  __main.o(!!!main)
    !!!scatter                               0x080000bc   Section       60  __scatter.o(!!!scatter)
    !!handler_copy                           0x080000f8   Section       26  __scatter_copy.o(!!handler_copy)
    !!handler_zi                             0x08000114   Section       28  __scatter_zi.o(!!handler_zi)
    .ARM.Collect$$libinit$$00000000          0x08000130   Section        2  libinit.o(.ARM.Collect$$libinit$$00000000)
    .ARM.Collect$$libinit$$00000002          0x08000132   Section        0  libinit2.o(.ARM.Collect$$libinit$$00000002)
    .ARM.Collect$$libinit$$00000004          0x08000132   Section        0  libinit2.o(.ARM.Collect$$libinit$$00000004)
    .ARM.Collect$$libinit$$0000000A          0x08000132   Section        0  libinit2.o(.ARM.Collect$$libinit$$0000000A)
    .ARM.Collect$$libinit$$0000000C          0x08000132   Section        0  libinit2.o(.ARM.Collect$$libinit$$0000000C)
    .ARM.Collect$$libinit$$0000000E          0x08000132   Section        0  libinit2.o(.ARM.Collect$$libinit$$0000000E)
    .ARM.Collect$$libinit$$00000011          0x08000132   Section        0  libinit2.o(.ARM.Collect$$libinit$$00000011)
    .ARM.Collect$$libinit$$00000013          0x08000132   Section        0  libinit2.o(.ARM.Collect$$libinit$$00000013)
    .ARM.Collect$$libinit$$00000015          0x08000132   Section        0  libinit2.o(.ARM.Collect$$libinit$$00000015)
    .ARM.Collect$$libinit$$00000017          0x08000132   Section        0  libinit2.o(.ARM.Collect$$libinit$$00000017)
    .ARM.Collect$$libinit$$00000019          0x08000132   Section        0  libinit2.o(.ARM.Collect$$libinit$$00000019)
    .ARM.Collect$$libinit$$0000001B          0x08000132   Section        0  libinit2.o(.ARM.Collect$$libinit$$0000001B)
    .ARM.Collect$$libinit$$0000001D          0x08000132   Section        0  libinit2.o(.ARM.Collect$$libinit$$0000001D)
    .ARM.Collect$$libinit$$0000001F          0x08000132   Section        0  libinit2.o(.ARM.Collect$$libinit$$0000001F)
    .ARM.Collect$$libinit$$00000021          0x08000132   Section        0  libinit2.o(.ARM.Collect$$libinit$$00000021)
    .ARM.Collect$$libinit$$00000023          0x08000132   Section        0  libinit2.o(.ARM.Collect$$libinit$$00000023)
    .ARM.Collect$$libinit$$00000025          0x08000132   Section        0  libinit2.o(.ARM.Collect$$libinit$$00000025)
    .ARM.Collect$$libinit$$0000002C          0x08000132   Section        0  libinit2.o(.ARM.Collect$$libinit$$0000002C)
    .ARM.Collect$$libinit$$0000002E          0x08000132   Section        0  libinit2.o(.ARM.Collect$$libinit$$0000002E)
    .ARM.Collect$$libinit$$00000030          0x08000132   Section        0  libinit2.o(.ARM.Collect$$libinit$$00000030)
    .ARM.Collect$$libinit$$00000032          0x08000132   Section        0  libinit2.o(.ARM.Collect$$libinit$$00000032)
    .ARM.Collect$$libinit$$00000033          0x08000132   Section        2  libinit2.o(.ARM.Collect$$libinit$$00000033)
    .ARM.Collect$$libshutdown$$00000000      0x08000134   Section        2  libshutdown.o(.ARM.Collect$$libshutdown$$00000000)
    .ARM.Collect$$libshutdown$$00000002      0x08000136   Section        0  libshutdown2.o(.ARM.Collect$$libshutdown$$00000002)
    .ARM.Collect$$libshutdown$$00000004      0x08000136   Section        0  libshutdown2.o(.ARM.Collect$$libshutdown$$00000004)
    .ARM.Collect$$libshutdown$$00000007      0x08000136   Section        0  libshutdown2.o(.ARM.Collect$$libshutdown$$00000007)
    .ARM.Collect$$libshutdown$$0000000A      0x08000136   Section        0  libshutdown2.o(.ARM.Collect$$libshutdown$$0000000A)
    .ARM.Collect$$libshutdown$$0000000C      0x08000136   Section        0  libshutdown2.o(.ARM.Collect$$libshutdown$$0000000C)
    .ARM.Collect$$libshutdown$$0000000F      0x08000136   Section        0  libshutdown2.o(.ARM.Collect$$libshutdown$$0000000F)
    .ARM.Collect$$libshutdown$$00000010      0x08000136   Section        2  libshutdown2.o(.ARM.Collect$$libshutdown$$00000010)
    .ARM.Collect$$rtentry$$00000000          0x08000138   Section        0  __rtentry.o(.ARM.Collect$$rtentry$$00000000)
    .ARM.Collect$$rtentry$$00000002          0x08000138   Section        0  __rtentry2.o(.ARM.Collect$$rtentry$$00000002)
    .ARM.Collect$$rtentry$$00000004          0x08000138   Section        6  __rtentry4.o(.ARM.Collect$$rtentry$$00000004)
    .ARM.Collect$$rtentry$$00000009          0x0800013e   Section        0  __rtentry2.o(.ARM.Collect$$rtentry$$00000009)
    .ARM.Collect$$rtentry$$0000000A          0x0800013e   Section        4  __rtentry2.o(.ARM.Collect$$rtentry$$0000000A)
    .ARM.Collect$$rtentry$$0000000C          0x08000142   Section        0  __rtentry2.o(.ARM.Collect$$rtentry$$0000000C)
    .ARM.Collect$$rtentry$$0000000D          0x08000142   Section        8  __rtentry2.o(.ARM.Collect$$rtentry$$0000000D)
    .ARM.Collect$$rtexit$$00000000           0x0800014a   Section        2  rtexit.o(.ARM.Collect$$rtexit$$00000000)
    .ARM.Collect$$rtexit$$00000002           0x0800014c   Section        0  rtexit2.o(.ARM.Collect$$rtexit$$00000002)
    .ARM.Collect$$rtexit$$00000003           0x0800014c   Section        4  rtexit2.o(.ARM.Collect$$rtexit$$00000003)
    .ARM.Collect$$rtexit$$00000004           0x08000150   Section        6  rtexit2.o(.ARM.Collect$$rtexit$$00000004)
    .text                                    0x08000158   Section      116  startup_stm32f030.o(.text)
    .text                                    0x080001cc   Section      346  aeabi_sdiv.o(.text)
    .text                                    0x08000326   Section        0  heapauxi.o(.text)
    .text                                    0x0800032c   Section        0  d2f.o(.text)
    .text                                    0x080003a8   Section        0  daddsub.o(.text)
    _dadd1                                   0x080003a9   Thumb Code   290  daddsub.o(.text)
    _dsub1                                   0x080004cb   Thumb Code   470  daddsub.o(.text)
    .text                                    0x08000700   Section        0  ddiv.o(.text)
    .text                                    0x08000b48   Section        0  dflti.o(.text)
    .text                                    0x08000ba0   Section        0  dmul.o(.text)
    .text                                    0x08000de8   Section        0  dscalbn.o(.text)
    .text                                    0x08000e48   Section        0  f2d.o(.text)
    .text                                    0x08000e9c   Section        0  fdiv.o(.text)
    .text                                    0x08000ffc   Section        0  ffixui.o(.text)
    .text                                    0x0800102c   Section        0  fflti.o(.text)
    .text                                    0x0800108c   Section        0  fscalbn.o(.text)
    .text                                    0x080010d0   Section       62  sys_stackheap_outer.o(.text)
    .text                                    0x0800110e   Section        0  exit.o(.text)
    .text                                    0x08001120   Section        8  libspace.o(.text)
    .text                                    0x08001128   Section        0  sys_exit.o(.text)
    .text                                    0x08001134   Section        2  use_no_semi.o(.text)
    .text                                    0x08001136   Section        0  indicate_semi.o(.text)
    i.ADC1_IRQHandler                        0x08001136   Section        0  adc.o(i.ADC1_IRQHandler)
    i.ADC_ChannelConfig                      0x08001138   Section        0  stm32f0xx_adc.o(i.ADC_ChannelConfig)
    i.ADC_ClockModeConfig                    0x08001142   Section        0  stm32f0xx_adc.o(i.ADC_ClockModeConfig)
    i.ADC_Cmd                                0x08001146   Section        0  stm32f0xx_adc.o(i.ADC_Cmd)
    i.ADC_DMACmd                             0x08001158   Section        0  stm32f0xx_adc.o(i.ADC_DMACmd)
    i.ADC_DMARequestModeConfig               0x0800116c   Section        0  stm32f0xx_adc.o(i.ADC_DMARequestModeConfig)
    i.ADC_GetCalibrationFactor               0x0800117c   Section        0  stm32f0xx_adc.o(i.ADC_GetCalibrationFactor)
    i.ADC_GetFlagStatus                      0x080011aa   Section        0  stm32f0xx_adc.o(i.ADC_GetFlagStatus)
    i.ADC_Init                               0x080011c8   Section        0  stm32f0xx_adc.o(i.ADC_Init)
    i.ADC_StartOfConversion                  0x080011f4   Section        0  stm32f0xx_adc.o(i.ADC_StartOfConversion)
    i.ADC_TempSensorCmd                      0x08001200   Section        0  stm32f0xx_adc.o(i.ADC_TempSensorCmd)
    i.ADC_VrefintCmd                         0x0800121c   Section        0  stm32f0xx_adc.o(i.ADC_VrefintCmd)
    i.ADC_cfg                                0x08001238   Section        0  adc.o(i.ADC_cfg)
    i.DMA1_Channel1_IRQHandler               0x080012a8   Section        0  adc.o(i.DMA1_Channel1_IRQHandler)
    i.DMA_ClearITPendingBit                  0x080012c8   Section        0  stm32f0xx_dma.o(i.DMA_ClearITPendingBit)
    i.DMA_Cmd                                0x080012e0   Section        0  stm32f0xx_dma.o(i.DMA_Cmd)
    i.DMA_GetFlagStatus                      0x080012f8   Section        0  stm32f0xx_dma.o(i.DMA_GetFlagStatus)
    i.DMA_ITConfig                           0x08001318   Section        0  stm32f0xx_dma.o(i.DMA_ITConfig)
    i.DMA_Init                               0x08001328   Section        0  stm32f0xx_dma.o(i.DMA_Init)
    i.DMA_cfg                                0x08001364   Section        0  adc.o(i.DMA_cfg)
    i.FLASH_GetStatus                        0x080013c0   Section        0  stm32f0xx_flash.o(i.FLASH_GetStatus)
    i.FLASH_Lock                             0x080013e8   Section        0  stm32f0xx_flash.o(i.FLASH_Lock)
    i.FLASH_ProgramHalfWord                  0x080013f8   Section        0  stm32f0xx_flash.o(i.FLASH_ProgramHalfWord)
    i.FLASH_Unlock                           0x0800142c   Section        0  stm32f0xx_flash.o(i.FLASH_Unlock)
    i.FLASH_WaitForLastOperation             0x0800144c   Section        0  stm32f0xx_flash.o(i.FLASH_WaitForLastOperation)
    i.GPIO_Init                              0x0800146e   Section        0  stm32f0xx_gpio.o(i.GPIO_Init)
    i.GPIO_PinAFConfig                       0x080014de   Section        0  stm32f0xx_gpio.o(i.GPIO_PinAFConfig)
    i.GPIO_ReadInputDataBit                  0x080014fe   Section        0  stm32f0xx_gpio.o(i.GPIO_ReadInputDataBit)
    i.GPIO_ResetBits                         0x0800150c   Section        0  stm32f0xx_gpio.o(i.GPIO_ResetBits)
    i.GPIO_SetBits                           0x08001510   Section        0  stm32f0xx_gpio.o(i.GPIO_SetBits)
    i.Modbus_03_Solve                        0x08001514   Section        0  mb.o(i.Modbus_03_Solve)
    i.Modbus_06_Solve                        0x08001598   Section        0  mb.o(i.Modbus_06_Solve)
    i.Modbus_16_Solve                        0x08001614   Section        0  mb.o(i.Modbus_16_Solve)
    i.NVIC_Init                              0x0800169c   Section        0  stm32f0xx_misc.o(i.NVIC_Init)
    i.NVIC_cfg                               0x080016ec   Section        0  user_init.o(i.NVIC_cfg)
    i.RCC_AHBPeriphClockCmd                  0x08001748   Section        0  stm32f0xx_rcc.o(i.RCC_AHBPeriphClockCmd)
    i.RCC_APB1PeriphClockCmd                 0x08001760   Section        0  stm32f0xx_rcc.o(i.RCC_APB1PeriphClockCmd)
    i.RCC_APB2PeriphClockCmd                 0x08001778   Section        0  stm32f0xx_rcc.o(i.RCC_APB2PeriphClockCmd)
    i.RCC_GetClocksFreq                      0x08001790   Section        0  stm32f0xx_rcc.o(i.RCC_GetClocksFreq)
    i.RCC_HCLKConfig                         0x08001908   Section        0  stm32f0xx_rcc.o(i.RCC_HCLKConfig)
    i.RCC_HSEConfig                          0x0800191c   Section        0  stm32f0xx_rcc.o(i.RCC_HSEConfig)
    i.RCC_PCLKConfig                         0x0800192c   Section        0  stm32f0xx_rcc.o(i.RCC_PCLKConfig)
    i.RCC_PLLCmd                             0x08001940   Section        0  stm32f0xx_rcc.o(i.RCC_PLLCmd)
    i.RCC_SYSCLKConfig                       0x0800195c   Section        0  stm32f0xx_rcc.o(i.RCC_SYSCLKConfig)
    i.RCC_cfg                                0x08001970   Section        0  user_init.o(i.RCC_cfg)
    i.SystemInit                             0x080019b4   Section        0  user.o(i.SystemInit)
    i.TIM16_IRQHandler                       0x080019b8   Section        0  mbport.o(i.TIM16_IRQHandler)
    i.TIM17_IRQHandler                       0x080019e4   Section        0  metronome.o(i.TIM17_IRQHandler)
    i.TIM_ARRPreloadConfig                   0x08001a0c   Section        0  stm32f0xx_tim.o(i.TIM_ARRPreloadConfig)
    i.TIM_ClearITPendingBit                  0x08001a1e   Section        0  stm32f0xx_tim.o(i.TIM_ClearITPendingBit)
    i.TIM_Cmd                                0x08001a24   Section        0  stm32f0xx_tim.o(i.TIM_Cmd)
    i.TIM_GetITStatus                        0x08001a38   Section        0  stm32f0xx_tim.o(i.TIM_GetITStatus)
    i.TIM_ITConfig                           0x08001a50   Section        0  stm32f0xx_tim.o(i.TIM_ITConfig)
    i.TIM_SetCounter                         0x08001a60   Section        0  stm32f0xx_tim.o(i.TIM_SetCounter)
    i.TIM_TimeBaseInit                       0x08001a64   Section        0  stm32f0xx_tim.o(i.TIM_TimeBaseInit)
    i.USART1_IRQHandler                      0x08001ad8   Section        0  mbport.o(i.USART1_IRQHandler)
    i.USART_ClearFlag                        0x08001b20   Section        0  stm32f0xx_usart.o(i.USART_ClearFlag)
    i.USART_ClearITPendingBit                0x08001b24   Section        0  stm32f0xx_usart.o(i.USART_ClearITPendingBit)
    i.USART_Cmd                              0x08001b2e   Section        0  stm32f0xx_usart.o(i.USART_Cmd)
    i.USART_GetFlagStatus                    0x08001b42   Section        0  stm32f0xx_usart.o(i.USART_GetFlagStatus)
    i.USART_GetITStatus                      0x08001b50   Section        0  stm32f0xx_usart.o(i.USART_GetITStatus)
    i.USART_ITConfig                         0x08001b88   Section        0  stm32f0xx_usart.o(i.USART_ITConfig)
    i.USART_Init                             0x08001bb4   Section        0  stm32f0xx_usart.o(i.USART_Init)
    i.USART_ReceiveData                      0x08001c5c   Section        0  stm32f0xx_usart.o(i.USART_ReceiveData)
    i.USART_SendData                         0x08001c64   Section        0  stm32f0xx_usart.o(i.USART_SendData)
    i.adcDataProcess                         0x08001c6c   Section        0  adc.o(i.adcDataProcess)
    i.adc_GPIO_cfg                           0x08001d3c   Section        0  adc.o(i.adc_GPIO_cfg)
    i.delay_us                               0x08001d5c   Section        0  i2c_emu.o(i.delay_us)
    i.getCRC16                               0x08001d78   Section        0  mbcrc.o(i.getCRC16)
    i.hdc1080_cfg                            0x08001da8   Section        0  hdc1080_op.o(i.hdc1080_cfg)
    i.hdc1080_rd                             0x08001e0c   Section        0  hdc1080_op.o(i.hdc1080_rd)
    i.hdc1080_st                             0x08001ecc   Section        0  hdc1080_op.o(i.hdc1080_st)
    i.i2c_GPIO_cfg                           0x08001eec   Section        0  i2c_emu.o(i.i2c_GPIO_cfg)
    i.i2c_ack                                0x08001f10   Section        0  i2c_emu.o(i.i2c_ack)
    i.i2c_noack                              0x08001f58   Section        0  i2c_emu.o(i.i2c_noack)
    i.i2c_read_byte                          0x08001f98   Section        0  i2c_emu.o(i.i2c_read_byte)
    i.i2c_start                              0x08001fe6   Section        0  i2c_emu.o(i.i2c_start)
    i.i2c_stop                               0x08002012   Section        0  i2c_emu.o(i.i2c_stop)
    i.i2c_waitack                            0x0800203e   Section        0  i2c_emu.o(i.i2c_waitack)
    i.i2c_write_byte                         0x08002084   Section        0  i2c_emu.o(i.i2c_write_byte)
    i.main                                   0x080020dc   Section        0  user.o(i.main)
    i.mbRcvComplete                          0x08002180   Section        0  mb.o(i.mbRcvComplete)
    i.mbRcvProcess                           0x0800218c   Section        0  mb.o(i.mbRcvProcess)
    i.mbRegHolding                           0x080021b0   Section        0  user.o(i.mbRegHolding)
    i.mb_SendData                            0x08002214   Section        0  mbport.o(i.mb_SendData)
    i.mb_Service                             0x08002260   Section        0  mb.o(i.mb_Service)
    i.mb_TIM16_cfg                           0x08002328   Section        0  mbport.o(i.mb_TIM16_cfg)
    i.mb_USART_cfg                           0x08002364   Section        0  mbport.o(i.mb_USART_cfg)
    i.mb_receiveData                         0x080023e0   Section        0  mbport.o(i.mb_receiveData)
    i.mtn_TIM17_cfg                          0x080023f4   Section        0  metronome.o(i.mtn_TIM17_cfg)
    i.rd_coff                                0x08002438   Section        0  eeprom_emulation.o(i.rd_coff)
    i.rd_flash_1hw                           0x0800246c   Section        0  eeprom_emulation.o(i.rd_flash_1hw)
    i.rd_flash_hw                            0x0800247c   Section        0  eeprom_emulation.o(i.rd_flash_hw)
    i.setMBAddr                              0x080024a0   Section        0  mb.o(i.setMBAddr)
    i.solve2f                                0x080024ac   Section        0  adc.o(i.solve2f)
    i.time2tell                              0x080026bc   Section        0  metronome.o(i.time2tell)
    i.wr_coff                                0x080026d4   Section        0  eeprom_emulation.o(i.wr_coff)
    i.wr_flash_hw                            0x08002714   Section        0  eeprom_emulation.o(i.wr_flash_hw)
    x$fpl$fadd                               0x08002748   Section      140  faddsub.o(x$fpl$fadd)
    _fadd1                                   0x08002755   Thumb Code     0  faddsub.o(x$fpl$fadd)
    x$fpl$fmul                               0x080027d4   Section      176  fmul.o(x$fpl$fmul)
    x$fpl$frsb                               0x08002884   Section       24  faddsub.o(x$fpl$frsb)
    x$fpl$fsub                               0x0800289c   Section      208  faddsub.o(x$fpl$fsub)
    _fsub1                                   0x080028a9   Thumb Code     0  faddsub.o(x$fpl$fsub)
    .constdata                               0x0800296c   Section      512  mbcrc.o(.constdata)
    x$fpl$usenofp                            0x0800296c   Section        0  usenofp.o(x$fpl$usenofp)
    aucCRCHi                                 0x0800296c   Data         256  mbcrc.o(.constdata)
    aucCRCLo                                 0x08002a6c   Data         256  mbcrc.o(.constdata)
    .constdata                               0x08002b6c   Section      128  ddiv.o(.constdata)
    ddiv_reciptbl                            0x08002b6c   Data         128  ddiv.o(.constdata)
    .constdata                               0x08002bec   Section       64  fdiv.o(.constdata)
    fdiv_tab                                 0x08002bec   Data          64  fdiv.o(.constdata)
    .data                                    0x20000000   Section       12  mb.o(.data)
    MB_Addr                                  0x20000000   Data           1  mb.o(.data)
    MB_RX_CNT                                0x20000002   Data           2  mb.o(.data)
    MB_FrameFlag                             0x20000004   Data           2  mb.o(.data)
    .data                                    0x2000000c   Section       12  mbport.o(.data)
    MB_TX_EN                                 0x2000000c   Data           2  mbport.o(.data)
    GPIO_InitStructure                       0x20000010   Data           8  mbport.o(.data)
    .data                                    0x20000018   Section       16  user.o(.data)
    usRegHoldingStart                        0x20000018   Data           2  user.o(.data)
    v0                                       0x2000001c   Data           4  user.o(.data)
    .data                                    0x20000028   Section        3  user_init.o(.data)
    NVIC_InitStructure                       0x20000028   Data           3  user_init.o(.data)
    .data                                    0x2000002c   Section       84  adc.o(.data)
    i                                        0x2000002c   Data           1  adc.o(.data)
    dma_complete_flag                        0x2000002d   Data           1  adc.o(.data)
    rs0                                      0x2000002e   Data           2  adc.o(.data)
    rl                                       0x20000030   Data           2  adc.o(.data)
    adcValue                                 0x20000032   Data           2  adc.o(.data)
    tempValue                                0x20000034   Data           2  adc.o(.data)
    vrefValue                                0x20000036   Data           2  adc.o(.data)
    sa                                       0x20000038   Data           4  adc.o(.data)
    sb                                       0x2000003c   Data           4  adc.o(.data)
    sc                                       0x20000040   Data           4  adc.o(.data)
    sd                                       0x20000044   Data           4  adc.o(.data)
    ta                                       0x20000048   Data           4  adc.o(.data)
    tb                                       0x2000004c   Data           4  adc.o(.data)
    tc                                       0x20000050   Data           4  adc.o(.data)
    td                                       0x20000054   Data           4  adc.o(.data)
    ha                                       0x20000058   Data           4  adc.o(.data)
    hb                                       0x2000005c   Data           4  adc.o(.data)
    vdd                                      0x20000060   Data           4  adc.o(.data)
    x0                                       0x20000064   Data           4  adc.o(.data)
    x1                                       0x20000068   Data           4  adc.o(.data)
    rgovr0                                   0x2000006c   Data           4  adc.o(.data)
    fx                                       0x20000070   Data           4  adc.o(.data)
    vout                                     0x20000074   Data           4  adc.o(.data)
    GPIO_InitStructure                       0x20000078   Data           8  adc.o(.data)
    .data                                    0x20000080   Section       12  metronome.o(.data)
    l2tell                                   0x20000080   Data           1  metronome.o(.data)
    GPIO_InitStructure                       0x20000084   Data           8  metronome.o(.data)
    .data                                    0x2000008c   Section        8  i2c_emu.o(.data)
    GPIO_InitStructure                       0x2000008c   Data           8  i2c_emu.o(.data)
    .data                                    0x20000094   Section       16  stm32f0xx_rcc.o(.data)
    APBAHBPrescTable                         0x20000094   Data          16  stm32f0xx_rcc.o(.data)
    .bss                                     0x200000a4   Section      512  mb.o(.bss)
    MB_RX_BUFF                               0x200000a4   Data         256  mb.o(.bss)
    MB_TX_BUFF                               0x200001a4   Data         256  mb.o(.bss)
    .bss                                     0x200002a4   Section       36  mbport.o(.bss)
    USART_InitStructure                      0x200002a4   Data          24  mbport.o(.bss)
    TIM_TimeBaseStructure                    0x200002bc   Data          12  mbport.o(.bss)
    .bss                                     0x200002c8   Section       64  user.o(.bss)
    usRegHoldingBuf                          0x200002c8   Data          64  user.o(.bss)
    .bss                                     0x20000308   Section      516  adc.o(.bss)
    dma4adc                                  0x20000308   Data         384  adc.o(.bss)
    ADC_InitStructure                        0x20000488   Data          24  adc.o(.bss)
    DMA_InitStructure                        0x200004a0   Data          44  adc.o(.bss)
    .bss                                     0x2000050c   Section       12  metronome.o(.bss)
    TIM_TimeBaseStructure                    0x2000050c   Data          12  metronome.o(.bss)
    .bss                                     0x20000518   Section       96  libspace.o(.bss)
    HEAP                                     0x20000578   Section      512  startup_stm32f030.o(HEAP)
    Heap_Mem                                 0x20000578   Data         512  startup_stm32f030.o(HEAP)
    STACK                                    0x20000778   Section     1024  startup_stm32f030.o(STACK)
    Stack_Mem                                0x20000778   Data        1024  startup_stm32f030.o(STACK)
    __initial_sp                             0x20000b78   Data           0  startup_stm32f030.o(STACK)

    Global Symbols

    Symbol Name                              Value     Ov Type        Size  Object(Section)

    BuildAttributes$$THM_ISAv3M$S$PE$A:L22$X:L11$S22$IEEE1$IW$USESV6$~STKCKD$USESV7$~SHL$OSPACE$ROPI$EBA8$UX$STANDARDLIB$REQ8$PRES8$EABIv2 0x00000000   Number         0  anon$$obj.o ABSOLUTE
    __ARM_use_no_argv                        0x00000000   Number         0  user.o ABSOLUTE
    __ARM_exceptions_init                     - Undefined Weak Reference
    __alloca_initialize                       - Undefined Weak Reference
    __arm_preinit_                            - Undefined Weak Reference
    __cpp_initialize__aeabi_                  - Undefined Weak Reference
    __cxa_finalize                            - Undefined Weak Reference
    __rt_locale                               - Undefined Weak Reference
    __sigvec_lookup                           - Undefined Weak Reference
    _atexit_init                              - Undefined Weak Reference
    _call_atexit_fns                          - Undefined Weak Reference
    _clock_init                               - Undefined Weak Reference
    _fp_trap_init                             - Undefined Weak Reference
    _fp_trap_shutdown                         - Undefined Weak Reference
    _get_lc_collate                           - Undefined Weak Reference
    _get_lc_ctype                             - Undefined Weak Reference
    _get_lc_monetary                          - Undefined Weak Reference
    _get_lc_numeric                           - Undefined Weak Reference
    _get_lc_time                              - Undefined Weak Reference
    _getenv_init                              - Undefined Weak Reference
    _handle_redirection                       - Undefined Weak Reference
    _init_alloc                               - Undefined Weak Reference
    _init_user_alloc                          - Undefined Weak Reference
    _initio                                   - Undefined Weak Reference
    _rand_init                                - Undefined Weak Reference
    _signal_finish                            - Undefined Weak Reference
    _signal_init                              - Undefined Weak Reference
    _terminate_alloc                          - Undefined Weak Reference
    _terminate_user_alloc                     - Undefined Weak Reference
    _terminateio                              - Undefined Weak Reference
    __Vectors_Size                           0x000000b4   Number         0  startup_stm32f030.o ABSOLUTE
    __Vectors                                0x08000000   Data           4  startup_stm32f030.o(RESET)
    __Vectors_End                            0x080000b4   Data           0  startup_stm32f030.o(RESET)
    __main                                   0x080000b5   Thumb Code     8  __main.o(!!!main)
    __scatterload                            0x080000bd   Thumb Code     0  __scatter.o(!!!scatter)
    __scatterload_rt2                        0x080000bd   Thumb Code    52  __scatter.o(!!!scatter)
    __scatterload_rt2_thumb_only             0x080000bd   Thumb Code     0  __scatter.o(!!!scatter)
    __scatterload_null                       0x080000cd   Thumb Code     0  __scatter.o(!!!scatter)
    __scatterload_copy                       0x080000f9   Thumb Code    26  __scatter_copy.o(!!handler_copy)
    __scatterload_zeroinit                   0x08000115   Thumb Code    28  __scatter_zi.o(!!handler_zi)
    __rt_lib_init                            0x08000131   Thumb Code     0  libinit.o(.ARM.Collect$$libinit$$00000000)
    __rt_lib_init_alloca_1                   0x08000133   Thumb Code     0  libinit2.o(.ARM.Collect$$libinit$$0000002E)
    __rt_lib_init_argv_1                     0x08000133   Thumb Code     0  libinit2.o(.ARM.Collect$$libinit$$0000002C)
    __rt_lib_init_atexit_1                   0x08000133   Thumb Code     0  libinit2.o(.ARM.Collect$$libinit$$0000001B)
    __rt_lib_init_clock_1                    0x08000133   Thumb Code     0  libinit2.o(.ARM.Collect$$libinit$$00000021)
    __rt_lib_init_cpp_1                      0x08000133   Thumb Code     0  libinit2.o(.ARM.Collect$$libinit$$00000032)
    __rt_lib_init_exceptions_1               0x08000133   Thumb Code     0  libinit2.o(.ARM.Collect$$libinit$$00000030)
    __rt_lib_init_fp_1                       0x08000133   Thumb Code     0  libinit2.o(.ARM.Collect$$libinit$$00000002)
    __rt_lib_init_fp_trap_1                  0x08000133   Thumb Code     0  libinit2.o(.ARM.Collect$$libinit$$0000001F)
    __rt_lib_init_getenv_1                   0x08000133   Thumb Code     0  libinit2.o(.ARM.Collect$$libinit$$00000023)
    __rt_lib_init_heap_1                     0x08000133   Thumb Code     0  libinit2.o(.ARM.Collect$$libinit$$0000000A)
    __rt_lib_init_lc_collate_1               0x08000133   Thumb Code     0  libinit2.o(.ARM.Collect$$libinit$$00000011)
    __rt_lib_init_lc_ctype_1                 0x08000133   Thumb Code     0  libinit2.o(.ARM.Collect$$libinit$$00000013)
    __rt_lib_init_lc_monetary_1              0x08000133   Thumb Code     0  libinit2.o(.ARM.Collect$$libinit$$00000015)
    __rt_lib_init_lc_numeric_1               0x08000133   Thumb Code     0  libinit2.o(.ARM.Collect$$libinit$$00000017)
    __rt_lib_init_lc_time_1                  0x08000133   Thumb Code     0  libinit2.o(.ARM.Collect$$libinit$$00000019)
    __rt_lib_init_preinit_1                  0x08000133   Thumb Code     0  libinit2.o(.ARM.Collect$$libinit$$00000004)
    __rt_lib_init_rand_1                     0x08000133   Thumb Code     0  libinit2.o(.ARM.Collect$$libinit$$0000000E)
    __rt_lib_init_return                     0x08000133   Thumb Code     0  libinit2.o(.ARM.Collect$$libinit$$00000033)
    __rt_lib_init_signal_1                   0x08000133   Thumb Code     0  libinit2.o(.ARM.Collect$$libinit$$0000001D)
    __rt_lib_init_stdio_1                    0x08000133   Thumb Code     0  libinit2.o(.ARM.Collect$$libinit$$00000025)
    __rt_lib_init_user_alloc_1               0x08000133   Thumb Code     0  libinit2.o(.ARM.Collect$$libinit$$0000000C)
    __rt_lib_shutdown                        0x08000135   Thumb Code     0  libshutdown.o(.ARM.Collect$$libshutdown$$00000000)
    __rt_lib_shutdown_cpp_1                  0x08000137   Thumb Code     0  libshutdown2.o(.ARM.Collect$$libshutdown$$00000002)
    __rt_lib_shutdown_fp_trap_1              0x08000137   Thumb Code     0  libshutdown2.o(.ARM.Collect$$libshutdown$$00000007)
    __rt_lib_shutdown_heap_1                 0x08000137   Thumb Code     0  libshutdown2.o(.ARM.Collect$$libshutdown$$0000000F)
    __rt_lib_shutdown_return                 0x08000137   Thumb Code     0  libshutdown2.o(.ARM.Collect$$libshutdown$$00000010)
    __rt_lib_shutdown_signal_1               0x08000137   Thumb Code     0  libshutdown2.o(.ARM.Collect$$libshutdown$$0000000A)
    __rt_lib_shutdown_stdio_1                0x08000137   Thumb Code     0  libshutdown2.o(.ARM.Collect$$libshutdown$$00000004)
    __rt_lib_shutdown_user_alloc_1           0x08000137   Thumb Code     0  libshutdown2.o(.ARM.Collect$$libshutdown$$0000000C)
    __rt_entry                               0x08000139   Thumb Code     0  __rtentry.o(.ARM.Collect$$rtentry$$00000000)
    __rt_entry_presh_1                       0x08000139   Thumb Code     0  __rtentry2.o(.ARM.Collect$$rtentry$$00000002)
    __rt_entry_sh                            0x08000139   Thumb Code     0  __rtentry4.o(.ARM.Collect$$rtentry$$00000004)
    __rt_entry_li                            0x0800013f   Thumb Code     0  __rtentry2.o(.ARM.Collect$$rtentry$$0000000A)
    __rt_entry_postsh_1                      0x0800013f   Thumb Code     0  __rtentry2.o(.ARM.Collect$$rtentry$$00000009)
    __rt_entry_main                          0x08000143   Thumb Code     0  __rtentry2.o(.ARM.Collect$$rtentry$$0000000D)
    __rt_entry_postli_1                      0x08000143   Thumb Code     0  __rtentry2.o(.ARM.Collect$$rtentry$$0000000C)
    __rt_exit                                0x0800014b   Thumb Code     0  rtexit.o(.ARM.Collect$$rtexit$$00000000)
    __rt_exit_ls                             0x0800014d   Thumb Code     0  rtexit2.o(.ARM.Collect$$rtexit$$00000003)
    __rt_exit_prels_1                        0x0800014d   Thumb Code     0  rtexit2.o(.ARM.Collect$$rtexit$$00000002)
    __rt_exit_exit                           0x08000151   Thumb Code     0  rtexit2.o(.ARM.Collect$$rtexit$$00000004)
    Reset_Handler                            0x08000159   Thumb Code    38  startup_stm32f030.o(.text)
    NMI_Handler                              0x0800017f   Thumb Code     2  startup_stm32f030.o(.text)
    HardFault_Handler                        0x08000181   Thumb Code     2  startup_stm32f030.o(.text)
    SVC_Handler                              0x08000183   Thumb Code     2  startup_stm32f030.o(.text)
    PendSV_Handler                           0x08000185   Thumb Code     2  startup_stm32f030.o(.text)
    SysTick_Handler                          0x08000187   Thumb Code     2  startup_stm32f030.o(.text)
    DMA1_Channel2_3_IRQHandler               0x08000189   Thumb Code     0  startup_stm32f030.o(.text)
    DMA1_Channel4_5_IRQHandler               0x08000189   Thumb Code     0  startup_stm32f030.o(.text)
    EXTI0_1_IRQHandler                       0x08000189   Thumb Code     0  startup_stm32f030.o(.text)
    EXTI2_3_IRQHandler                       0x08000189   Thumb Code     0  startup_stm32f030.o(.text)
    EXTI4_15_IRQHandler                      0x08000189   Thumb Code     0  startup_stm32f030.o(.text)
    FLASH_IRQHandler                         0x08000189   Thumb Code     0  startup_stm32f030.o(.text)
    I2C1_IRQHandler                          0x08000189   Thumb Code     0  startup_stm32f030.o(.text)
    I2C2_IRQHandler                          0x08000189   Thumb Code     0  startup_stm32f030.o(.text)
    RCC_IRQHandler                           0x08000189   Thumb Code     0  startup_stm32f030.o(.text)
    RTC_IRQHandler                           0x08000189   Thumb Code     0  startup_stm32f030.o(.text)
    SPI1_IRQHandler                          0x08000189   Thumb Code     0  startup_stm32f030.o(.text)
    SPI2_IRQHandler                          0x08000189   Thumb Code     0  startup_stm32f030.o(.text)
    TIM14_IRQHandler                         0x08000189   Thumb Code     0  startup_stm32f030.o(.text)
    TIM15_IRQHandler                         0x08000189   Thumb Code     0  startup_stm32f030.o(.text)
    TIM1_BRK_UP_TRG_COM_IRQHandler           0x08000189   Thumb Code     0  startup_stm32f030.o(.text)
    TIM1_CC_IRQHandler                       0x08000189   Thumb Code     0  startup_stm32f030.o(.text)
    TIM3_IRQHandler                          0x08000189   Thumb Code     0  startup_stm32f030.o(.text)
    USART2_IRQHandler                        0x08000189   Thumb Code     0  startup_stm32f030.o(.text)
    WWDG_IRQHandler                          0x08000189   Thumb Code     0  startup_stm32f030.o(.text)
    __user_initial_stackheap                 0x0800018d   Thumb Code     0  startup_stm32f030.o(.text)
    __aeabi_uidiv                            0x080001cd   Thumb Code     0  aeabi_sdiv.o(.text)
    __aeabi_uidivmod                         0x080001cd   Thumb Code    20  aeabi_sdiv.o(.text)
    __aeabi_idiv                             0x080001e1   Thumb Code     0  aeabi_sdiv.o(.text)
    __aeabi_idivmod                          0x080001e1   Thumb Code   326  aeabi_sdiv.o(.text)
    __use_two_region_memory                  0x08000327   Thumb Code     2  heapauxi.o(.text)
    __rt_heap_escrow$2region                 0x08000329   Thumb Code     2  heapauxi.o(.text)
    __rt_heap_expand$2region                 0x0800032b   Thumb Code     2  heapauxi.o(.text)
    __aeabi_d2f                              0x0800032d   Thumb Code     0  d2f.o(.text)
    _d2f                                     0x0800032d   Thumb Code   120  d2f.o(.text)
    __aeabi_dadd                             0x080006a1   Thumb Code     0  daddsub.o(.text)
    _dadd                                    0x080006a1   Thumb Code    26  daddsub.o(.text)
    __aeabi_dsub                             0x080006bb   Thumb Code     0  daddsub.o(.text)
    _dsub                                    0x080006bb   Thumb Code    22  daddsub.o(.text)
    __aeabi_drsub                            0x080006d1   Thumb Code     0  daddsub.o(.text)
    _drsb                                    0x080006d1   Thumb Code    28  daddsub.o(.text)
    __aeabi_ddiv                             0x08000701   Thumb Code     0  ddiv.o(.text)
    _ddiv                                    0x08000701   Thumb Code  1072  ddiv.o(.text)
    _drdiv                                   0x08000b31   Thumb Code    20  ddiv.o(.text)
    __aeabi_i2d_normalise                    0x08000b49   Thumb Code    66  dflti.o(.text)
    __aeabi_i2d                              0x08000b8b   Thumb Code    16  dflti.o(.text)
    _dflt                                    0x08000b8b   Thumb Code     0  dflti.o(.text)
    __aeabi_ui2d                             0x08000b9b   Thumb Code     6  dflti.o(.text)
    _dfltu                                   0x08000b9b   Thumb Code     0  dflti.o(.text)
    __aeabi_dmul                             0x08000ba1   Thumb Code     0  dmul.o(.text)
    _dmul                                    0x08000ba1   Thumb Code   558  dmul.o(.text)
    __ARM_scalbn                             0x08000de9   Thumb Code    84  dscalbn.o(.text)
    __aeabi_f2d                              0x08000e49   Thumb Code     0  f2d.o(.text)
    _f2d                                     0x08000e49   Thumb Code    80  f2d.o(.text)
    __aeabi_fdiv                             0x08000e9d   Thumb Code     0  fdiv.o(.text)
    _fdiv                                    0x08000e9d   Thumb Code   334  fdiv.o(.text)
    _frdiv                                   0x08000feb   Thumb Code     8  fdiv.o(.text)
    __aeabi_f2uiz                            0x08000ffd   Thumb Code     0  ffixui.o(.text)
    _ffixu                                   0x08000ffd   Thumb Code    48  ffixui.o(.text)
    __aeabi_i2f_normalise                    0x0800102d   Thumb Code    72  fflti.o(.text)
    __aeabi_i2f                              0x08001075   Thumb Code    16  fflti.o(.text)
    _fflt                                    0x08001075   Thumb Code     0  fflti.o(.text)
    __aeabi_ui2f                             0x08001085   Thumb Code     6  fflti.o(.text)
    _ffltu                                   0x08001085   Thumb Code     0  fflti.o(.text)
    __ARM_scalbnf                            0x0800108d   Thumb Code    64  fscalbn.o(.text)
    __user_setup_stackheap                   0x080010d1   Thumb Code    62  sys_stackheap_outer.o(.text)
    exit                                     0x0800110f   Thumb Code    16  exit.o(.text)
    __user_libspace                          0x08001121   Thumb Code     8  libspace.o(.text)
    __user_perproc_libspace                  0x08001121   Thumb Code     0  libspace.o(.text)
    __user_perthread_libspace                0x08001121   Thumb Code     0  libspace.o(.text)
    _sys_exit                                0x08001129   Thumb Code     8  sys_exit.o(.text)
    __I$use$semihosting                      0x08001135   Thumb Code     0  use_no_semi.o(.text)
    __use_no_semihosting_swi                 0x08001135   Thumb Code     2  use_no_semi.o(.text)
    ADC1_IRQHandler                          0x08001137   Thumb Code     2  adc.o(i.ADC1_IRQHandler)
    __semihosting_library_function           0x08001137   Thumb Code     0  indicate_semi.o(.text)
    ADC_ChannelConfig                        0x08001139   Thumb Code    10  stm32f0xx_adc.o(i.ADC_ChannelConfig)
    ADC_ClockModeConfig                      0x08001143   Thumb Code     4  stm32f0xx_adc.o(i.ADC_ClockModeConfig)
    ADC_Cmd                                  0x08001147   Thumb Code    18  stm32f0xx_adc.o(i.ADC_Cmd)
    ADC_DMACmd                               0x08001159   Thumb Code    20  stm32f0xx_adc.o(i.ADC_DMACmd)
    ADC_DMARequestModeConfig                 0x0800116d   Thumb Code    16  stm32f0xx_adc.o(i.ADC_DMARequestModeConfig)
    ADC_GetCalibrationFactor                 0x0800117d   Thumb Code    46  stm32f0xx_adc.o(i.ADC_GetCalibrationFactor)
    ADC_GetFlagStatus                        0x080011ab   Thumb Code    28  stm32f0xx_adc.o(i.ADC_GetFlagStatus)
    ADC_Init                                 0x080011c9   Thumb Code    38  stm32f0xx_adc.o(i.ADC_Init)
    ADC_StartOfConversion                    0x080011f5   Thumb Code    10  stm32f0xx_adc.o(i.ADC_StartOfConversion)
    ADC_TempSensorCmd                        0x08001201   Thumb Code    22  stm32f0xx_adc.o(i.ADC_TempSensorCmd)
    ADC_VrefintCmd                           0x0800121d   Thumb Code    22  stm32f0xx_adc.o(i.ADC_VrefintCmd)
    ADC_cfg                                  0x08001239   Thumb Code    98  adc.o(i.ADC_cfg)
    DMA1_Channel1_IRQHandler                 0x080012a9   Thumb Code    26  adc.o(i.DMA1_Channel1_IRQHandler)
    DMA_ClearITPendingBit                    0x080012c9   Thumb Code    14  stm32f0xx_dma.o(i.DMA_ClearITPendingBit)
    DMA_Cmd                                  0x080012e1   Thumb Code    20  stm32f0xx_dma.o(i.DMA_Cmd)
    DMA_GetFlagStatus                        0x080012f9   Thumb Code    24  stm32f0xx_dma.o(i.DMA_GetFlagStatus)
    DMA_ITConfig                             0x08001319   Thumb Code    16  stm32f0xx_dma.o(i.DMA_ITConfig)
    DMA_Init                                 0x08001329   Thumb Code    56  stm32f0xx_dma.o(i.DMA_Init)
    DMA_cfg                                  0x08001365   Thumb Code    74  adc.o(i.DMA_cfg)
    FLASH_GetStatus                          0x080013c1   Thumb Code    34  stm32f0xx_flash.o(i.FLASH_GetStatus)
    FLASH_Lock                               0x080013e9   Thumb Code    12  stm32f0xx_flash.o(i.FLASH_Lock)
    FLASH_ProgramHalfWord                    0x080013f9   Thumb Code    48  stm32f0xx_flash.o(i.FLASH_ProgramHalfWord)
    FLASH_Unlock                             0x0800142d   Thumb Code    18  stm32f0xx_flash.o(i.FLASH_Unlock)
    FLASH_WaitForLastOperation               0x0800144d   Thumb Code    34  stm32f0xx_flash.o(i.FLASH_WaitForLastOperation)
    GPIO_Init                                0x0800146f   Thumb Code   112  stm32f0xx_gpio.o(i.GPIO_Init)
    GPIO_PinAFConfig                         0x080014df   Thumb Code    32  stm32f0xx_gpio.o(i.GPIO_PinAFConfig)
    GPIO_ReadInputDataBit                    0x080014ff   Thumb Code    14  stm32f0xx_gpio.o(i.GPIO_ReadInputDataBit)
    GPIO_ResetBits                           0x0800150d   Thumb Code     4  stm32f0xx_gpio.o(i.GPIO_ResetBits)
    GPIO_SetBits                             0x08001511   Thumb Code     4  stm32f0xx_gpio.o(i.GPIO_SetBits)
    Modbus_03_Solve                          0x08001515   Thumb Code   120  mb.o(i.Modbus_03_Solve)
    Modbus_06_Solve                          0x08001599   Thumb Code   112  mb.o(i.Modbus_06_Solve)
    Modbus_16_Solve                          0x08001615   Thumb Code   124  mb.o(i.Modbus_16_Solve)
    NVIC_Init                                0x0800169d   Thumb Code    70  stm32f0xx_misc.o(i.NVIC_Init)
    NVIC_cfg                                 0x080016ed   Thumb Code    86  user_init.o(i.NVIC_cfg)
    RCC_AHBPeriphClockCmd                    0x08001749   Thumb Code    18  stm32f0xx_rcc.o(i.RCC_AHBPeriphClockCmd)
    RCC_APB1PeriphClockCmd                   0x08001761   Thumb Code    18  stm32f0xx_rcc.o(i.RCC_APB1PeriphClockCmd)
    RCC_APB2PeriphClockCmd                   0x08001779   Thumb Code    18  stm32f0xx_rcc.o(i.RCC_APB2PeriphClockCmd)
    RCC_GetClocksFreq                        0x08001791   Thumb Code   346  stm32f0xx_rcc.o(i.RCC_GetClocksFreq)
    RCC_HCLKConfig                           0x08001909   Thumb Code    14  stm32f0xx_rcc.o(i.RCC_HCLKConfig)
    RCC_HSEConfig                            0x0800191d   Thumb Code    10  stm32f0xx_rcc.o(i.RCC_HSEConfig)
    RCC_PCLKConfig                           0x0800192d   Thumb Code    16  stm32f0xx_rcc.o(i.RCC_PCLKConfig)
    RCC_PLLCmd                               0x08001941   Thumb Code    22  stm32f0xx_rcc.o(i.RCC_PLLCmd)
    RCC_SYSCLKConfig                         0x0800195d   Thumb Code    14  stm32f0xx_rcc.o(i.RCC_SYSCLKConfig)
    RCC_cfg                                  0x08001971   Thumb Code    60  user_init.o(i.RCC_cfg)
    SystemInit                               0x080019b5   Thumb Code     2  user.o(i.SystemInit)
    TIM16_IRQHandler                         0x080019b9   Thumb Code    38  mbport.o(i.TIM16_IRQHandler)
    TIM17_IRQHandler                         0x080019e5   Thumb Code    32  metronome.o(i.TIM17_IRQHandler)
    TIM_ARRPreloadConfig                     0x08001a0d   Thumb Code    18  stm32f0xx_tim.o(i.TIM_ARRPreloadConfig)
    TIM_ClearITPendingBit                    0x08001a1f   Thumb Code     6  stm32f0xx_tim.o(i.TIM_ClearITPendingBit)
    TIM_Cmd                                  0x08001a25   Thumb Code    20  stm32f0xx_tim.o(i.TIM_Cmd)
    TIM_GetITStatus                          0x08001a39   Thumb Code    24  stm32f0xx_tim.o(i.TIM_GetITStatus)
    TIM_ITConfig                             0x08001a51   Thumb Code    16  stm32f0xx_tim.o(i.TIM_ITConfig)
    TIM_SetCounter                           0x08001a61   Thumb Code     4  stm32f0xx_tim.o(i.TIM_SetCounter)
    TIM_TimeBaseInit                         0x08001a65   Thumb Code    88  stm32f0xx_tim.o(i.TIM_TimeBaseInit)
    USART1_IRQHandler                        0x08001ad9   Thumb Code    58  mbport.o(i.USART1_IRQHandler)
    USART_ClearFlag                          0x08001b21   Thumb Code     4  stm32f0xx_usart.o(i.USART_ClearFlag)
    USART_ClearITPendingBit                  0x08001b25   Thumb Code    10  stm32f0xx_usart.o(i.USART_ClearITPendingBit)
    USART_Cmd                                0x08001b2f   Thumb Code    20  stm32f0xx_usart.o(i.USART_Cmd)
    USART_GetFlagStatus                      0x08001b43   Thumb Code    14  stm32f0xx_usart.o(i.USART_GetFlagStatus)
    USART_GetITStatus                        0x08001b51   Thumb Code    56  stm32f0xx_usart.o(i.USART_GetITStatus)
    USART_ITConfig                           0x08001b89   Thumb Code    42  stm32f0xx_usart.o(i.USART_ITConfig)
    USART_Init                               0x08001bb5   Thumb Code   148  stm32f0xx_usart.o(i.USART_Init)
    USART_ReceiveData                        0x08001c5d   Thumb Code     8  stm32f0xx_usart.o(i.USART_ReceiveData)
    USART_SendData                           0x08001c65   Thumb Code     8  stm32f0xx_usart.o(i.USART_SendData)
    adcDataProcess                           0x08001c6d   Thumb Code   182  adc.o(i.adcDataProcess)
    adc_GPIO_cfg                             0x08001d3d   Thumb Code    28  adc.o(i.adc_GPIO_cfg)
    delay_us                                 0x08001d5d   Thumb Code    26  i2c_emu.o(i.delay_us)
    getCRC16                                 0x08001d79   Thumb Code    42  mbcrc.o(i.getCRC16)
    hdc1080_cfg                              0x08001da9   Thumb Code   100  hdc1080_op.o(i.hdc1080_cfg)
    hdc1080_rd                               0x08001e0d   Thumb Code   180  hdc1080_op.o(i.hdc1080_rd)
    hdc1080_st                               0x08001ecd   Thumb Code    32  hdc1080_op.o(i.hdc1080_st)
    i2c_GPIO_cfg                             0x08001eed   Thumb Code    32  i2c_emu.o(i.i2c_GPIO_cfg)
    i2c_ack                                  0x08001f11   Thumb Code    72  i2c_emu.o(i.i2c_ack)
    i2c_noack                                0x08001f59   Thumb Code    64  i2c_emu.o(i.i2c_noack)
    i2c_read_byte                            0x08001f99   Thumb Code    78  i2c_emu.o(i.i2c_read_byte)
    i2c_start                                0x08001fe7   Thumb Code    44  i2c_emu.o(i.i2c_start)
    i2c_stop                                 0x08002013   Thumb Code    44  i2c_emu.o(i.i2c_stop)
    i2c_waitack                              0x0800203f   Thumb Code    70  i2c_emu.o(i.i2c_waitack)
    i2c_write_byte                           0x08002085   Thumb Code    88  i2c_emu.o(i.i2c_write_byte)
    main                                     0x080020dd   Thumb Code   146  user.o(i.main)
    mbRcvComplete                            0x08002181   Thumb Code     8  mb.o(i.mbRcvComplete)
    mbRcvProcess                             0x0800218d   Thumb Code    26  mb.o(i.mbRcvProcess)
    mbRegHolding                             0x080021b1   Thumb Code    90  user.o(i.mbRegHolding)
    mb_SendData                              0x08002215   Thumb Code    66  mbport.o(i.mb_SendData)
    mb_Service                               0x08002261   Thumb Code   188  mb.o(i.mb_Service)
    mb_TIM16_cfg                             0x08002329   Thumb Code    50  mbport.o(i.mb_TIM16_cfg)
    mb_USART_cfg                             0x08002365   Thumb Code   108  mbport.o(i.mb_USART_cfg)
    mb_receiveData                           0x080023e1   Thumb Code    14  mbport.o(i.mb_receiveData)
    mtn_TIM17_cfg                            0x080023f5   Thumb Code    56  metronome.o(i.mtn_TIM17_cfg)
    rd_coff                                  0x08002439   Thumb Code    50  eeprom_emulation.o(i.rd_coff)
    rd_flash_1hw                             0x0800246d   Thumb Code    10  eeprom_emulation.o(i.rd_flash_1hw)
    rd_flash_hw                              0x0800247d   Thumb Code    30  eeprom_emulation.o(i.rd_flash_hw)
    setMBAddr                                0x080024a1   Thumb Code     6  mb.o(i.setMBAddr)
    solve2f                                  0x080024ad   Thumb Code   494  adc.o(i.solve2f)
    time2tell                                0x080026bd   Thumb Code    20  metronome.o(i.time2tell)
    wr_coff                                  0x080026d5   Thumb Code    58  eeprom_emulation.o(i.wr_coff)
    wr_flash_hw                              0x08002715   Thumb Code    46  eeprom_emulation.o(i.wr_flash_hw)
    __aeabi_fadd                             0x08002749   Thumb Code     0  faddsub.o(x$fpl$fadd)
    _fadd                                    0x08002749   Thumb Code   134  faddsub.o(x$fpl$fadd)
    __aeabi_fmul                             0x080027d5   Thumb Code     0  fmul.o(x$fpl$fmul)
    _fmul                                    0x080027d5   Thumb Code   172  fmul.o(x$fpl$fmul)
    __aeabi_frsub                            0x08002885   Thumb Code     0  faddsub.o(x$fpl$frsb)
    _frsb                                    0x08002885   Thumb Code    24  faddsub.o(x$fpl$frsb)
    __aeabi_fsub                             0x0800289d   Thumb Code     0  faddsub.o(x$fpl$fsub)
    _fsub                                    0x0800289d   Thumb Code   204  faddsub.o(x$fpl$fsub)
    __I$use$fp                               0x0800296c   Number         0  usenofp.o(x$fpl$usenofp)
    Region$$Table$$Base                      0x08002c2c   Number         0  anon$$obj.o(Region$$Table)
    Region$$Table$$Limit                     0x08002c4c   Number         0  anon$$obj.o(Region$$Table)
    startRegAddr                             0x20000006   Data           2  mb.o(.data)
    RegNum                                   0x20000008   Data           2  mb.o(.data)
    calCRC                                   0x2000000a   Data           2  mb.o(.data)
    T                                        0x20000020   Data           4  user.o(.data)
    H                                        0x20000024   Data           4  user.o(.data)
    prcv                                     0x200004cc   Data          64  adc.o(.bss)
    __libspace_start                         0x20000518   Data          96  libspace.o(.bss)
    __temporary_stack_top$libspace           0x20000578   Data           0  libspace.o(.bss)



==============================================================================

Memory Map of the image

  Image Entry point : 0x08000159

  Load Region LR_1 (Base: 0x08000000, Size: 0x00002cf0, Max: 0xffffffff, ABSOLUTE)

    Execution Region ER_RO (Base: 0x08000000, Size: 0x00002c4c, Max: 0xffffffff, ABSOLUTE)

    Base Addr    Size         Type   Attr      Idx    E Section Name        Object

    0x08000000   0x000000b4   Data   RO            3    RESET               startup_stm32f030.o
    0x080000b4   0x00000008   Code   RO         4243  * !!!main             c_p.l(__main.o)
    0x080000bc   0x0000003c   Code   RO         4445    !!!scatter          c_p.l(__scatter.o)
    0x080000f8   0x0000001a   Code   RO         4447    !!handler_copy      c_p.l(__scatter_copy.o)
    0x08000112   0x00000002   PAD
    0x08000114   0x0000001c   Code   RO         4449    !!handler_zi        c_p.l(__scatter_zi.o)
    0x08000130   0x00000002   Code   RO         4314    .ARM.Collect$$libinit$$00000000  c_p.l(libinit.o)
    0x08000132   0x00000000   Code   RO         4328    .ARM.Collect$$libinit$$00000002  c_p.l(libinit2.o)
    0x08000132   0x00000000   Code   RO         4330    .ARM.Collect$$libinit$$00000004  c_p.l(libinit2.o)
    0x08000132   0x00000000   Code   RO         4333    .ARM.Collect$$libinit$$0000000A  c_p.l(libinit2.o)
    0x08000132   0x00000000   Code   RO         4335    .ARM.Collect$$libinit$$0000000C  c_p.l(libinit2.o)
    0x08000132   0x00000000   Code   RO         4337    .ARM.Collect$$libinit$$0000000E  c_p.l(libinit2.o)
    0x08000132   0x00000000   Code   RO         4340    .ARM.Collect$$libinit$$00000011  c_p.l(libinit2.o)
    0x08000132   0x00000000   Code   RO         4342    .ARM.Collect$$libinit$$00000013  c_p.l(libinit2.o)
    0x08000132   0x00000000   Code   RO         4344    .ARM.Collect$$libinit$$00000015  c_p.l(libinit2.o)
    0x08000132   0x00000000   Code   RO         4346    .ARM.Collect$$libinit$$00000017  c_p.l(libinit2.o)
    0x08000132   0x00000000   Code   RO         4348    .ARM.Collect$$libinit$$00000019  c_p.l(libinit2.o)
    0x08000132   0x00000000   Code   RO         4350    .ARM.Collect$$libinit$$0000001B  c_p.l(libinit2.o)
    0x08000132   0x00000000   Code   RO         4352    .ARM.Collect$$libinit$$0000001D  c_p.l(libinit2.o)
    0x08000132   0x00000000   Code   RO         4354    .ARM.Collect$$libinit$$0000001F  c_p.l(libinit2.o)
    0x08000132   0x00000000   Code   RO         4356    .ARM.Collect$$libinit$$00000021  c_p.l(libinit2.o)
    0x08000132   0x00000000   Code   RO         4358    .ARM.Collect$$libinit$$00000023  c_p.l(libinit2.o)
    0x08000132   0x00000000   Code   RO         4360    .ARM.Collect$$libinit$$00000025  c_p.l(libinit2.o)
    0x08000132   0x00000000   Code   RO         4364    .ARM.Collect$$libinit$$0000002C  c_p.l(libinit2.o)
    0x08000132   0x00000000   Code   RO         4366    .ARM.Collect$$libinit$$0000002E  c_p.l(libinit2.o)
    0x08000132   0x00000000   Code   RO         4368    .ARM.Collect$$libinit$$00000030  c_p.l(libinit2.o)
    0x08000132   0x00000000   Code   RO         4370    .ARM.Collect$$libinit$$00000032  c_p.l(libinit2.o)
    0x08000132   0x00000002   Code   RO         4371    .ARM.Collect$$libinit$$00000033  c_p.l(libinit2.o)
    0x08000134   0x00000002   Code   RO         4402    .ARM.Collect$$libshutdown$$00000000  c_p.l(libshutdown.o)
    0x08000136   0x00000000   Code   RO         4428    .ARM.Collect$$libshutdown$$00000002  c_p.l(libshutdown2.o)
    0x08000136   0x00000000   Code   RO         4430    .ARM.Collect$$libshutdown$$00000004  c_p.l(libshutdown2.o)
    0x08000136   0x00000000   Code   RO         4433    .ARM.Collect$$libshutdown$$00000007  c_p.l(libshutdown2.o)
    0x08000136   0x00000000   Code   RO         4436    .ARM.Collect$$libshutdown$$0000000A  c_p.l(libshutdown2.o)
    0x08000136   0x00000000   Code   RO         4438    .ARM.Collect$$libshutdown$$0000000C  c_p.l(libshutdown2.o)
    0x08000136   0x00000000   Code   RO         4441    .ARM.Collect$$libshutdown$$0000000F  c_p.l(libshutdown2.o)
    0x08000136   0x00000002   Code   RO         4442    .ARM.Collect$$libshutdown$$00000010  c_p.l(libshutdown2.o)
    0x08000138   0x00000000   Code   RO         4277    .ARM.Collect$$rtentry$$00000000  c_p.l(__rtentry.o)
    0x08000138   0x00000000   Code   RO         4284    .ARM.Collect$$rtentry$$00000002  c_p.l(__rtentry2.o)
    0x08000138   0x00000006   Code   RO         4296    .ARM.Collect$$rtentry$$00000004  c_p.l(__rtentry4.o)
    0x0800013e   0x00000000   Code   RO         4286    .ARM.Collect$$rtentry$$00000009  c_p.l(__rtentry2.o)
    0x0800013e   0x00000004   Code   RO         4287    .ARM.Collect$$rtentry$$0000000A  c_p.l(__rtentry2.o)
    0x08000142   0x00000000   Code   RO         4289    .ARM.Collect$$rtentry$$0000000C  c_p.l(__rtentry2.o)
    0x08000142   0x00000008   Code   RO         4290    .ARM.Collect$$rtentry$$0000000D  c_p.l(__rtentry2.o)
    0x0800014a   0x00000002   Code   RO         4319    .ARM.Collect$$rtexit$$00000000  c_p.l(rtexit.o)
    0x0800014c   0x00000000   Code   RO         4375    .ARM.Collect$$rtexit$$00000002  c_p.l(rtexit2.o)
    0x0800014c   0x00000004   Code   RO         4376    .ARM.Collect$$rtexit$$00000003  c_p.l(rtexit2.o)
    0x08000150   0x00000006   Code   RO         4377    .ARM.Collect$$rtexit$$00000004  c_p.l(rtexit2.o)
    0x08000156   0x00000002   PAD
    0x08000158   0x00000074   Code   RO            4  * .text               startup_stm32f030.o
    0x080001cc   0x0000015a   Code   RO         4237    .text               c_p.l(aeabi_sdiv.o)
    0x08000326   0x00000006   Code   RO         4241    .text               c_p.l(heapauxi.o)
    0x0800032c   0x0000007c   Code   RO         4245    .text               fz_ps.l(d2f.o)
    0x080003a8   0x00000358   Code   RO         4247    .text               fz_ps.l(daddsub.o)
    0x08000700   0x00000448   Code   RO         4249    .text               fz_ps.l(ddiv.o)
    0x08000b48   0x00000058   Code   RO         4252    .text               fz_ps.l(dflti.o)
    0x08000ba0   0x00000248   Code   RO         4254    .text               fz_ps.l(dmul.o)
    0x08000de8   0x00000060   Code   RO         4256    .text               fz_ps.l(dscalbn.o)
    0x08000e48   0x00000054   Code   RO         4258    .text               fz_ps.l(f2d.o)
    0x08000e9c   0x00000160   Code   RO         4266    .text               fz_ps.l(fdiv.o)
    0x08000ffc   0x00000030   Code   RO         4269    .text               fz_ps.l(ffixui.o)
    0x0800102c   0x0000005e   Code   RO         4271    .text               fz_ps.l(fflti.o)
    0x0800108a   0x00000002   PAD
    0x0800108c   0x00000044   Code   RO         4275    .text               fz_ps.l(fscalbn.o)
    0x080010d0   0x0000003e   Code   RO         4300    .text               c_p.l(sys_stackheap_outer.o)
    0x0800110e   0x00000010   Code   RO         4303    .text               c_p.l(exit.o)
    0x0800111e   0x00000002   PAD
    0x08001120   0x00000008   Code   RO         4315    .text               c_p.l(libspace.o)
    0x08001128   0x0000000c   Code   RO         4372    .text               c_p.l(sys_exit.o)
    0x08001134   0x00000002   Code   RO         4391    .text               c_p.l(use_no_semi.o)
    0x08001136   0x00000000   Code   RO         4393    .text               c_p.l(indicate_semi.o)
    0x08001136   0x00000002   Code   RO          297    i.ADC1_IRQHandler   adc.o
    0x08001138   0x0000000a   Code   RO          630    i.ADC_ChannelConfig  stm32f0xx_adc.o
    0x08001142   0x00000004   Code   RO          633    i.ADC_ClockModeConfig  stm32f0xx_adc.o
    0x08001146   0x00000012   Code   RO          634    i.ADC_Cmd           stm32f0xx_adc.o
    0x08001158   0x00000014   Code   RO          636    i.ADC_DMACmd        stm32f0xx_adc.o
    0x0800116c   0x00000010   Code   RO          637    i.ADC_DMARequestModeConfig  stm32f0xx_adc.o
    0x0800117c   0x0000002e   Code   RO          640    i.ADC_GetCalibrationFactor  stm32f0xx_adc.o
    0x080011aa   0x0000001c   Code   RO          642    i.ADC_GetFlagStatus  stm32f0xx_adc.o
    0x080011c6   0x00000002   PAD
    0x080011c8   0x0000002c   Code   RO          645    i.ADC_Init          stm32f0xx_adc.o
    0x080011f4   0x0000000a   Code   RO          648    i.ADC_StartOfConversion  stm32f0xx_adc.o
    0x080011fe   0x00000002   PAD
    0x08001200   0x0000001c   Code   RO          651    i.ADC_TempSensorCmd  stm32f0xx_adc.o
    0x0800121c   0x0000001c   Code   RO          653    i.ADC_VrefintCmd    stm32f0xx_adc.o
    0x08001238   0x00000070   Code   RO          298    i.ADC_cfg           adc.o
    0x080012a8   0x00000020   Code   RO          299    i.DMA1_Channel1_IRQHandler  adc.o
    0x080012c8   0x00000018   Code   RO         1577    i.DMA_ClearITPendingBit  stm32f0xx_dma.o
    0x080012e0   0x00000018   Code   RO         1578    i.DMA_Cmd           stm32f0xx_dma.o
    0x080012f8   0x00000020   Code   RO         1581    i.DMA_GetFlagStatus  stm32f0xx_dma.o
    0x08001318   0x00000010   Code   RO         1583    i.DMA_ITConfig      stm32f0xx_dma.o
    0x08001328   0x0000003c   Code   RO         1584    i.DMA_Init          stm32f0xx_dma.o
    0x08001364   0x0000005c   Code   RO          300    i.DMA_cfg           adc.o
    0x080013c0   0x00000028   Code   RO         1729    i.FLASH_GetStatus   stm32f0xx_flash.o
    0x080013e8   0x00000010   Code   RO         1731    i.FLASH_Lock        stm32f0xx_flash.o
    0x080013f8   0x00000034   Code   RO         1750    i.FLASH_ProgramHalfWord  stm32f0xx_flash.o
    0x0800142c   0x00000020   Code   RO         1753    i.FLASH_Unlock      stm32f0xx_flash.o
    0x0800144c   0x00000022   Code   RO         1754    i.FLASH_WaitForLastOperation  stm32f0xx_flash.o
    0x0800146e   0x00000070   Code   RO         1924    i.GPIO_Init         stm32f0xx_gpio.o
    0x080014de   0x00000020   Code   RO         1925    i.GPIO_PinAFConfig  stm32f0xx_gpio.o
    0x080014fe   0x0000000e   Code   RO         1928    i.GPIO_ReadInputDataBit  stm32f0xx_gpio.o
    0x0800150c   0x00000004   Code   RO         1931    i.GPIO_ResetBits    stm32f0xx_gpio.o
    0x08001510   0x00000004   Code   RO         1932    i.GPIO_SetBits      stm32f0xx_gpio.o
    0x08001514   0x00000084   Code   RO           10    i.Modbus_03_Solve   mb.o
    0x08001598   0x0000007c   Code   RO           11    i.Modbus_06_Solve   mb.o
    0x08001614   0x00000088   Code   RO           12    i.Modbus_16_Solve   mb.o
    0x0800169c   0x00000050   Code   RO         2340    i.NVIC_Init         stm32f0xx_misc.o
    0x080016ec   0x0000005c   Code   RO          269    i.NVIC_cfg          user_init.o
    0x08001748   0x00000018   Code   RO         2447    i.RCC_AHBPeriphClockCmd  stm32f0xx_rcc.o
    0x08001760   0x00000018   Code   RO         2449    i.RCC_APB1PeriphClockCmd  stm32f0xx_rcc.o
    0x08001778   0x00000018   Code   RO         2451    i.RCC_APB2PeriphClockCmd  stm32f0xx_rcc.o
    0x08001790   0x00000178   Code   RO         2461    i.RCC_GetClocksFreq  stm32f0xx_rcc.o
    0x08001908   0x00000014   Code   RO         2465    i.RCC_HCLKConfig    stm32f0xx_rcc.o
    0x0800191c   0x00000010   Code   RO         2466    i.RCC_HSEConfig     stm32f0xx_rcc.o
    0x0800192c   0x00000014   Code   RO         2477    i.RCC_PCLKConfig    stm32f0xx_rcc.o
    0x08001940   0x0000001c   Code   RO         2478    i.RCC_PLLCmd        stm32f0xx_rcc.o
    0x0800195c   0x00000014   Code   RO         2483    i.RCC_SYSCLKConfig  stm32f0xx_rcc.o
    0x08001970   0x00000044   Code   RO          270    i.RCC_cfg           user_init.o
    0x080019b4   0x00000002   Code   RO          217    i.SystemInit        user.o
    0x080019b6   0x00000002   PAD
    0x080019b8   0x0000002c   Code   RO           88    i.TIM16_IRQHandler  mbport.o
    0x080019e4   0x00000028   Code   RO          415    i.TIM17_IRQHandler  metronome.o
    0x08001a0c   0x00000012   Code   RO         3314    i.TIM_ARRPreloadConfig  stm32f0xx_tim.o
    0x08001a1e   0x00000006   Code   RO         3321    i.TIM_ClearITPendingBit  stm32f0xx_tim.o
    0x08001a24   0x00000014   Code   RO         3326    i.TIM_Cmd           stm32f0xx_tim.o
    0x08001a38   0x00000018   Code   RO         3347    i.TIM_GetITStatus   stm32f0xx_tim.o
    0x08001a50   0x00000010   Code   RO         3351    i.TIM_ITConfig      stm32f0xx_tim.o
    0x08001a60   0x00000004   Code   RO         3393    i.TIM_SetCounter    stm32f0xx_tim.o
    0x08001a64   0x00000074   Code   RO         3399    i.TIM_TimeBaseInit  stm32f0xx_tim.o
    0x08001ad8   0x00000048   Code   RO           89    i.USART1_IRQHandler  mbport.o
    0x08001b20   0x00000004   Code   RO         3868    i.USART_ClearFlag   stm32f0xx_usart.o
    0x08001b24   0x0000000a   Code   RO         3869    i.USART_ClearITPendingBit  stm32f0xx_usart.o
    0x08001b2e   0x00000014   Code   RO         3872    i.USART_Cmd         stm32f0xx_usart.o
    0x08001b42   0x0000000e   Code   RO         3880    i.USART_GetFlagStatus  stm32f0xx_usart.o
    0x08001b50   0x00000038   Code   RO         3881    i.USART_GetITStatus  stm32f0xx_usart.o
    0x08001b88   0x0000002a   Code   RO         3883    i.USART_ITConfig    stm32f0xx_usart.o
    0x08001bb2   0x00000002   PAD
    0x08001bb4   0x000000a8   Code   RO         3884    i.USART_Init        stm32f0xx_usart.o
    0x08001c5c   0x00000008   Code   RO         3896    i.USART_ReceiveData  stm32f0xx_usart.o
    0x08001c64   0x00000008   Code   RO         3901    i.USART_SendData    stm32f0xx_usart.o
    0x08001c6c   0x000000d0   Code   RO          302    i.adcDataProcess    adc.o
    0x08001d3c   0x00000020   Code   RO          303    i.adc_GPIO_cfg      adc.o
    0x08001d5c   0x0000001a   Code   RO          456    i.delay_us          i2c_emu.o
    0x08001d76   0x00000002   PAD
    0x08001d78   0x00000030   Code   RO           72    i.getCRC16          mbcrc.o
    0x08001da8   0x00000064   Code   RO          539    i.hdc1080_cfg       hdc1080_op.o
    0x08001e0c   0x000000c0   Code   RO          540    i.hdc1080_rd        hdc1080_op.o
    0x08001ecc   0x00000020   Code   RO          541    i.hdc1080_st        hdc1080_op.o
    0x08001eec   0x00000024   Code   RO          457    i.i2c_GPIO_cfg      i2c_emu.o
    0x08001f10   0x00000048   Code   RO          460    i.i2c_ack           i2c_emu.o
    0x08001f58   0x00000040   Code   RO          461    i.i2c_noack         i2c_emu.o
    0x08001f98   0x0000004e   Code   RO          462    i.i2c_read_byte     i2c_emu.o
    0x08001fe6   0x0000002c   Code   RO          463    i.i2c_start         i2c_emu.o
    0x08002012   0x0000002c   Code   RO          464    i.i2c_stop          i2c_emu.o
    0x0800203e   0x00000046   Code   RO          465    i.i2c_waitack       i2c_emu.o
    0x08002084   0x00000058   Code   RO          466    i.i2c_write_byte    i2c_emu.o
    0x080020dc   0x000000a4   Code   RO          218    i.main              user.o
    0x08002180   0x0000000c   Code   RO           13    i.mbRcvComplete     mb.o
    0x0800218c   0x00000024   Code   RO           14    i.mbRcvProcess      mb.o
    0x080021b0   0x00000064   Code   RO          219    i.mbRegHolding      user.o
    0x08002214   0x0000004c   Code   RO           91    i.mb_SendData       mbport.o
    0x08002260   0x000000c8   Code   RO           15    i.mb_Service        mb.o
    0x08002328   0x0000003c   Code   RO           92    i.mb_TIM16_cfg      mbport.o
    0x08002364   0x0000007c   Code   RO           93    i.mb_USART_cfg      mbport.o
    0x080023e0   0x00000014   Code   RO           94    i.mb_receiveData    mbport.o
    0x080023f4   0x00000044   Code   RO          417    i.mtn_TIM17_cfg     metronome.o
    0x08002438   0x00000032   Code   RO          369    i.rd_coff           eeprom_emulation.o
    0x0800246a   0x00000002   PAD
    0x0800246c   0x00000010   Code   RO          370    i.rd_flash_1hw      eeprom_emulation.o
    0x0800247c   0x00000024   Code   RO          371    i.rd_flash_hw       eeprom_emulation.o
    0x080024a0   0x0000000c   Code   RO           16    i.setMBAddr         mb.o
    0x080024ac   0x00000210   Code   RO          305    i.solve2f           adc.o
    0x080026bc   0x00000018   Code   RO          418    i.time2tell         metronome.o
    0x080026d4   0x00000040   Code   RO          372    i.wr_coff           eeprom_emulation.o
    0x08002714   0x00000034   Code   RO          373    i.wr_flash_hw       eeprom_emulation.o
    0x08002748   0x0000008c   Code   RO         4260    x$fpl$fadd          fz_ps.l(faddsub.o)
    0x080027d4   0x000000b0   Code   RO         4273    x$fpl$fmul          fz_ps.l(fmul.o)
    0x08002884   0x00000018   Code   RO         4261    x$fpl$frsb          fz_ps.l(faddsub.o)
    0x0800289c   0x000000d0   Code   RO         4262    x$fpl$fsub          fz_ps.l(faddsub.o)
    0x0800296c   0x00000000   Code   RO         4282    x$fpl$usenofp       fz_ps.l(usenofp.o)
    0x0800296c   0x00000200   Data   RO           73    .constdata          mbcrc.o
    0x08002b6c   0x00000080   Data   RO         4250    .constdata          fz_ps.l(ddiv.o)
    0x08002bec   0x00000040   Data   RO         4267    .constdata          fz_ps.l(fdiv.o)
    0x08002c2c   0x00000020   Data   RO         4443    Region$$Table       anon$$obj.o


    Execution Region ER_RW (Base: 0x20000000, Size: 0x000000a4, Max: 0xffffffff, ABSOLUTE)

    Base Addr    Size         Type   Attr      Idx    E Section Name        Object

    0x20000000   0x0000000c   Data   RW           18    .data               mb.o
    0x2000000c   0x0000000c   Data   RW           96    .data               mbport.o
    0x20000018   0x00000010   Data   RW          224    .data               user.o
    0x20000028   0x00000003   Data   RW          271    .data               user_init.o
    0x2000002b   0x00000001   PAD
    0x2000002c   0x00000054   Data   RW          307    .data               adc.o
    0x20000080   0x0000000c   Data   RW          420    .data               metronome.o
    0x2000008c   0x00000008   Data   RW          467    .data               i2c_emu.o
    0x20000094   0x00000010   Data   RW         2487    .data               stm32f0xx_rcc.o


    Execution Region ER_ZI (Base: 0x200000a4, Size: 0x00000ad4, Max: 0xffffffff, ABSOLUTE)

    Base Addr    Size         Type   Attr      Idx    E Section Name        Object

    0x200000a4   0x00000200   Zero   RW           17    .bss                mb.o
    0x200002a4   0x00000024   Zero   RW           95    .bss                mbport.o
    0x200002c8   0x00000040   Zero   RW          222    .bss                user.o
    0x20000308   0x00000204   Zero   RW          306    .bss                adc.o
    0x2000050c   0x0000000c   Zero   RW          419    .bss                metronome.o
    0x20000518   0x00000060   Zero   RW         4316    .bss                c_p.l(libspace.o)
    0x20000578   0x00000200   Zero   RW            2    HEAP                startup_stm32f030.o
    0x20000778   0x00000400   Zero   RW            1    STACK               startup_stm32f030.o


==============================================================================

Image component sizes


      Code (inc. data)   RO Data    RW Data    ZI Data      Debug   Object Name

      1006        102          0         84        516       4891   adc.o
       218         24          0          0          0       3097   eeprom_emulation.o
       324         12          0          0          0       1972   hdc1080_op.o
       522          4          0          8          0       4710   i2c_emu.o
       652         68          0         12        512       8807   mb.o
        48          6        512          0          0       1079   mbcrc.o
       396         62          0         12         36     253392   mbport.o
       132         24          0         12         12       1527   metronome.o
       116         56        180          0       1536        812   startup_stm32f030.o
       252         18          0          0          0     174523   stm32f0xx_adc.o
       156         26          0          0          0       4968   stm32f0xx_dma.o
       174         28          0          0          0       3855   stm32f0xx_flash.o
       166          0          0          0          0       3911   stm32f0xx_gpio.o
        80         10          0          0          0       1136   stm32f0xx_misc.o
       552         76          0         16          0       6948   stm32f0xx_rcc.o
       204         28          0          0          0       6141   stm32f0xx_tim.o
       330         20          0          0          0       7369   stm32f0xx_usart.o
       266         28          0         16         64       2531   user.o
       160         14          0          3          0       1065   user_init.o

    ----------------------------------------------------------------------
      5766        606        724        164       2676     492734   Object Totals
         0          0         32          0          0          0   (incl. Generated)
        12          0          0          1          0          0   (incl. Padding)

    ----------------------------------------------------------------------

      Code (inc. data)   RO Data    RW Data    ZI Data      Debug   Library Member Name

         8          0          0          0          0         68   __main.o
         0          0          0          0          0          0   __rtentry.o
        12          0          0          0          0          0   __rtentry2.o
         6          0          0          0          0          0   __rtentry4.o
        60          8          0          0          0          0   __scatter.o
        26          0          0          0          0          0   __scatter_copy.o
        28          0          0          0          0          0   __scatter_zi.o
       346          0          0          0          0         92   aeabi_sdiv.o
        16          0          0          0          0         68   exit.o
         6          0          0          0          0        136   heapauxi.o
         0          0          0          0          0          0   indicate_semi.o
         2          0          0          0          0          0   libinit.o
         2          0          0          0          0          0   libinit2.o
         2          0          0          0          0          0   libshutdown.o
         2          0          0          0          0          0   libshutdown2.o
         8          4          0          0         96         68   libspace.o
         2          0          0          0          0          0   rtexit.o
        10          0          0          0          0          0   rtexit2.o
        12          4          0          0          0         60   sys_exit.o
        62          0          0          0          0         80   sys_stackheap_outer.o
         2          0          0          0          0         68   use_no_semi.o
       124          4          0          0          0         72   d2f.o
       856         20          0          0          0        208   daddsub.o
      1096         26        128          0          0        112   ddiv.o
        88          0          0          0          0         92   dflti.o
       584         26          0          0          0         84   dmul.o
        96         12          0          0          0         72   dscalbn.o
        84          4          0          0          0         60   f2d.o
       372          8          0          0          0        240   faddsub.o
       352         10         64          0          0         92   fdiv.o
        48          0          0          0          0         60   ffixui.o
        94          0          0          0          0         92   fflti.o
       176          4          0          0          0         80   fmul.o
        68          4          0          0          0         68   fscalbn.o
         0          0          0          0          0          0   usenofp.o

    ----------------------------------------------------------------------
      4658        134        192          0         96       1972   Library Totals
         8          0          0          0          0          0   (incl. Padding)

    ----------------------------------------------------------------------

      Code (inc. data)   RO Data    RW Data    ZI Data      Debug   Library Name

       612         16          0          0         96        640   c_p.l
      4038        118        192          0          0       1332   fz_ps.l

    ----------------------------------------------------------------------
      4658        134        192          0         96       1972   Library Totals

    ----------------------------------------------------------------------

==============================================================================


      Code (inc. data)   RO Data    RW Data    ZI Data      Debug   

     10424        740        916        164       2772     489734   Grand Totals
     10424        740        916        164       2772     489734   ELF Image Totals
     10424        740        916        164          0          0   ROM Totals

==============================================================================

    Total RO  Size (Code + RO Data)                11340 (  11.07kB)
    Total RW  Size (RW Data + ZI Data)              2936 (   2.87kB)
    Total ROM Size (Code + RO Data + RW Data)      11504 (  11.23kB)

==============================================================================

